Archive member included to satisfy reference by file (symbol)

app/libapp.a(main.c.obj)      (--whole-archive)
zephyr/libzephyr.a(cbprintf.c.obj)
                              (--whole-archive)
zephyr/libzephyr.a(crc32_sw.c.obj)
                              (--whole-archive)
zephyr/libzephyr.a(crc16_sw.c.obj)
                              (--whole-archive)
zephyr/libzephyr.a(crc8_sw.c.obj)
                              (--whole-archive)
zephyr/libzephyr.a(crc7_sw.c.obj)
                              (--whole-archive)
zephyr/libzephyr.a(dec.c.obj)
                              (--whole-archive)
zephyr/libzephyr.a(fdtable.c.obj)
                              (--whole-archive)
zephyr/libzephyr.a(hex.c.obj)
                              (--whole-archive)
zephyr/libzephyr.a(mempool.c.obj)
                              (--whole-archive)
zephyr/libzephyr.a(notify.c.obj)
                              (--whole-archive)
zephyr/libzephyr.a(printk.c.obj)
                              (--whole-archive)
zephyr/libzephyr.a(onoff.c.obj)
                              (--whole-archive)
zephyr/libzephyr.a(rb.c.obj)  (--whole-archive)
zephyr/libzephyr.a(sem.c.obj)
                              (--whole-archive)
zephyr/libzephyr.a(thread_entry.c.obj)
                              (--whole-archive)
zephyr/libzephyr.a(timeutil.c.obj)
                              (--whole-archive)
zephyr/libzephyr.a(work_q.c.obj)
                              (--whole-archive)
zephyr/libzephyr.a(heap.c.obj)
                              (--whole-archive)
zephyr/libzephyr.a(heap-validate.c.obj)
                              (--whole-archive)
zephyr/libzephyr.a(cbprintf_complete.c.obj)
                              (--whole-archive)
zephyr/libzephyr.a(configs.c.obj)
                              (--whole-archive)
zephyr/libzephyr.a(validate_base_addresses.c.obj)
                              (--whole-archive)
zephyr/libzephyr.a(validate_enabled_instances.c.obj)
                              (--whole-archive)
zephyr/libzephyr.a(dis.c.obj)
                              (--whole-archive)
zephyr/libzephyr.a(bas.c.obj)
                              (--whole-archive)
zephyr/libzephyr.a(addr_utils.c.obj)
                              (--whole-archive)
zephyr/libzephyr.a(power.c.obj)
                              (--whole-archive)
zephyr/libzephyr.a(reboot.c.obj)
                              (--whole-archive)
zephyr/libzephyr.a(policy_residency.c.obj)
                              (--whole-archive)
zephyr/libzephyr.a(uart_console.c.obj)
                              (--whole-archive)
zephyr/libzephyr.a(clock_control_nrf.c.obj)
                              (--whole-archive)
zephyr/libzephyr.a(sys_clock_init.c.obj)
                              (--whole-archive)
zephyr/libzephyr.a(nrf_rtc_timer.c.obj)
                              (--whole-archive)
zephyr/libzephyr.a(SEGGER_RTT.c.obj)
                              (--whole-archive)
zephyr/libzephyr.a(SEGGER_RTT_zephyr.c.obj)
                              (--whole-archive)
zephyr/libzephyr.a(utils.c.obj)
                              (--whole-archive)
zephyr/libzephyr.a(ecc_dh.c.obj)
                              (--whole-archive)
zephyr/libzephyr.a(ecc.c.obj)
                              (--whole-archive)
zephyr/libzephyr.a(aes_decrypt.c.obj)
                              (--whole-archive)
zephyr/libzephyr.a(aes_encrypt.c.obj)
                              (--whole-archive)
zephyr/libzephyr.a(cmac_mode.c.obj)
                              (--whole-archive)
zephyr/arch/common/libarch__common.a(sw_isr_common.c.obj)
                              (--whole-archive)
zephyr/arch/arch/arm/core/aarch32/libarch__arm__core__aarch32.a(swap.c.obj)
                              (--whole-archive)
zephyr/arch/arch/arm/core/aarch32/libarch__arm__core__aarch32.a(irq_manage.c.obj)
                              (--whole-archive)
zephyr/arch/arch/arm/core/aarch32/libarch__arm__core__aarch32.a(thread.c.obj)
                              (--whole-archive)
zephyr/arch/arch/arm/core/aarch32/libarch__arm__core__aarch32.a(fatal.c.obj)
                              (--whole-archive)
zephyr/arch/arch/arm/core/aarch32/libarch__arm__core__aarch32.a(nmi.c.obj)
                              (--whole-archive)
zephyr/arch/arch/arm/core/aarch32/libarch__arm__core__aarch32.a(prep_c.c.obj)
                              (--whole-archive)
zephyr/arch/arch/arm/core/aarch32/libarch__arm__core__aarch32.a(swap_helper.S.obj)
                              (--whole-archive)
zephyr/arch/arch/arm/core/aarch32/libarch__arm__core__aarch32.a(cpu_idle.S.obj)
                              (--whole-archive)
zephyr/arch/arch/arm/core/aarch32/libarch__arm__core__aarch32.a(nmi_on_reset.S.obj)
                              (--whole-archive)
zephyr/arch/arch/arm/core/aarch32/libarch__arm__core__aarch32.a(isr_wrapper.S.obj)
                              (--whole-archive)
[...]
Memory Configuration

Name             Origin             Length             Attributes
FLASH            0x0000000000000000 0x0000000000080000 xr
SRAM             0x0000000020000000 0x0000000000010000 xw
IDT_LIST         0x0000000020010000 0x0000000000000800 xw
*default*        0x0000000000000000 0xffffffffffffffff

Linker script and memory map

LOAD zephyr/CMakeFiles/zephyr_prebuilt.dir/misc/empty_file.c.obj
                0x0000000000000020                _region_min_align = 0x20

.rel.plt        0x0000000000000000        0x0
 *(SORT_BY_ALIGNMENT(.rel.plt))
                [!provide]                        PROVIDE (__rel_iplt_start = .)
 *(SORT_BY_ALIGNMENT(.rel.iplt))
 .rel.iplt      0x0000000000000000        0x0 app/libapp.a(main.c.obj)
                [!provide]                        PROVIDE (__rel_iplt_end = .)

.rela.plt       0x0000000000000000        0x0
 *(SORT_BY_ALIGNMENT(.rela.plt))
                [!provide]                        PROVIDE (__rela_iplt_start = .)
 *(SORT_BY_ALIGNMENT(.rela.iplt))
                [!provide]                        PROVIDE (__rela_iplt_end = .)

.rel.dyn
 *(SORT_BY_ALIGNMENT(.rel.*))

.rela.dyn
 *(SORT_BY_ALIGNMENT(.rela.*))

/DISCARD/
 *(SORT_BY_ALIGNMENT(.plt))
 *(SORT_BY_ALIGNMENT(.iplt))
 *(SORT_BY_ALIGNMENT(.got.plt))
 *(SORT_BY_ALIGNMENT(.igot.plt))
 *(SORT_BY_ALIGNMENT(.got))
 *(SORT_BY_ALIGNMENT(.igot))
 *(SORT_BY_ALIGNMENT(.note.GNU-stack))
                0x0000000000000000                _image_rom_start = 0x0

rom_start       0x0000000000000000       0xdc
                0x0000000000000000                . = 0x0
                0x0000000000000000                . = ALIGN (0x4)
                0x0000000000000000                . = ALIGN (0x80)
                0x0000000000000000                . = ALIGN (0x100)
                0x0000000000000000                _vector_start = .
 *(SORT_BY_ALIGNMENT(.exc_vector_table))
 *(SORT_BY_ALIGNMENT(.exc_vector_table.*))
 .exc_vector_table._vector_table_section
                0x0000000000000000       0x40 zephyr/arch/arch/arm/core/aarch32/cortex_m/libarch__arm__core__aarch32__cortex_m.a(vector_table.S.obj)
                0x0000000000000000                _vector_table
 *(SORT_BY_ALIGNMENT(.gnu.linkonce.irq_vector_table*))
 .gnu.linkonce.irq_vector_table*
                0x0000000000000040       0x9c zephyr/arch/common/libisr_tables.a(isr_tables.c.obj)
                0x0000000000000040                _irq_vector_table
 *(SORT_BY_ALIGNMENT(.vectors))
                0x00000000000000dc                _vector_end = .
 *(SORT_BY_ALIGNMENT(.openocd_dbg))
 *(SORT_BY_ALIGNMENT(.openocd_dbg.*))

text            0x00000000000000e0    0x21252
                0x00000000000000e0                _image_text_start = .
 *(SORT_BY_ALIGNMENT(.text))
 .text          0x00000000000000e0      0x21c /opt/gnuarmemb/bin/../lib/gcc/arm-none-eabi/9.2.1/thumb/v7e-m/nofp/libgcc.a(_arm_addsubsf3.o)
                0x00000000000000e0                __aeabi_frsub
                0x00000000000000e8                __subsf3
                0x00000000000000e8                __aeabi_fsub
                0x00000000000000ec                __aeabi_fadd
                0x00000000000000ec                __addsf3
                0x000000000000024c                __aeabi_ui2f
                0x000000000000024c                __floatunsisf
                0x0000000000000254                __aeabi_i2f
                0x0000000000000254                __floatsisf
                0x0000000000000270                __floatundisf
                0x0000000000000270                __aeabi_ul2f
                0x0000000000000280                __floatdisf
                0x0000000000000280                __aeabi_l2f
 .text          0x00000000000002fc      0x2a0 /opt/gnuarmemb/bin/../lib/gcc/arm-none-eabi/9.2.1/thumb/v7e-m/nofp/libgcc.a(_arm_muldivsf3.o)
                0x00000000000002fc                __mulsf3
                0x00000000000002fc                __aeabi_fmul
                0x0000000000000464                __divsf3
                0x0000000000000464                __aeabi_fdiv
 .text          0x000000000000059c       0x4c /opt/gnuarmemb/bin/../lib/gcc/arm-none-eabi/9.2.1/thumb/v7e-m/nofp/libgcc.a(_arm_fixsfsi.o)
                0x000000000000059c                __fixsfsi
                0x000000000000059c                __aeabi_f2iz
 .text          0x00000000000005e8       0x30 /opt/gnuarmemb/bin/../lib/gcc/arm-none-eabi/9.2.1/thumb/v7e-m/nofp/libgcc.a(_aeabi_uldivmod.o)
                0x00000000000005e8                __aeabi_uldivmod
 .text          0x0000000000000618      0x2c0 /opt/gnuarmemb/bin/../lib/gcc/arm-none-eabi/9.2.1/thumb/v7e-m/nofp/libgcc.a(_udivmoddi4.o)
                0x0000000000000618                __udivmoddi4
 .text          0x00000000000008d8        0x4 /opt/gnuarmemb/bin/../lib/gcc/arm-none-eabi/9.2.1/thumb/v7e-m/nofp/libgcc.a(_dvmd_tls.o)
                0x00000000000008d8                __aeabi_ldiv0
                0x00000000000008d8                __aeabi_idiv0
 .text          0x00000000000008dc       0x34 /home/audifaz/ncs/nrfxlib/mpsl/lib/cortex-m4/soft-float/libmpsl.a(libmpsl_debug_soft__obfuscated.elf)
                0x00000000000008dc                sym_QV6CME4HLWJA6KQZ7HE7ECNT7UGKOYHKNHH6E7I
 .text          0x0000000000000910        0xc /home/audifaz/ncs/nrfxlib/mpsl/lib/cortex-m4/soft-float/libmpsl.a(libmpsl_debug_soft__obfuscated.elf)
                0x0000000000000910                sym_SKFSQME5SGNPYLL7B75KY7PHXFYWSRI2HSTT45A
 .text          0x000000000000091c       0x18 /home/audifaz/ncs/nrfxlib/mpsl/lib/cortex-m4/soft-float/libmpsl.a(libmpsl_debug_soft__obfuscated.elf)
                0x000000000000091c                sym_4RNEPYYQOFM4LAOGLN2TB27X7L3XBISTGAWYOHQ
 .text          0x0000000000000934       0xd4 /home/audifaz/ncs/nrfxlib/mpsl/lib/cortex-m4/soft-float/libmpsl.a(libmpsl_debug_soft__obfuscated.elf)
 .text          0x0000000000000a08       0x78 /home/audifaz/ncs/nrfxlib/mpsl/lib/cortex-m4/soft-float/libmpsl.a(libmpsl_debug_soft__obfuscated.elf)
 .text          0x0000000000000a80      0x294 /home/audifaz/ncs/nrfxlib/mpsl/lib/cortex-m4/soft-float/libmpsl.a(libmpsl_debug_soft__obfuscated.elf)
 .text          0x0000000000000d14      0x12c /home/audifaz/ncs/nrfxlib/mpsl/lib/cortex-m4/soft-float/libmpsl.a(libmpsl_debug_soft__obfuscated.elf)
 .text          0x0000000000000e40       0x18 /home/audifaz/ncs/nrfxlib/mpsl/lib/cortex-m4/soft-float/libmpsl.a(libmpsl_debug_soft__obfuscated.elf)
 .text          0x0000000000000e58      0x52c /home/audifaz/ncs/nrfxlib/mpsl/lib/cortex-m4/soft-float/libmpsl.a(libmpsl_debug_soft__obfuscated.elf)
 .text          0x0000000000001384       0x60 /home/audifaz/ncs/nrfxlib/mpsl/lib/cortex-m4/soft-float/libmpsl.a(libmpsl_debug_soft__obfuscated.elf)
 .text          0x00000000000013e4       0xcc /home/audifaz/ncs/nrfxlib/mpsl/lib/cortex-m4/soft-float/libmpsl.a(libmpsl_debug_soft__obfuscated.elf)
 .text          0x00000000000014b0       0x7c /home/audifaz/ncs/nrfxlib/mpsl/lib/cortex-m4/soft-float/libmpsl.a(libmpsl_debug_soft__obfuscated.elf)
 .text          0x000000000000152c       0x60 /home/audifaz/ncs/nrfxlib/mpsl/lib/cortex-m4/soft-float/libmpsl.a(libmpsl_debug_soft__obfuscated.elf)
 .text          0x000000000000158c      0x1a0 /home/audifaz/ncs/nrfxlib/mpsl/lib/cortex-m4/soft-float/libmpsl.a(libmpsl_debug_soft__obfuscated.elf)
 .text          0x000000000000172c      0x1f0 /home/audifaz/ncs/nrfxlib/mpsl/lib/cortex-m4/soft-float/libmpsl.a(libmpsl_debug_soft__obfuscated.elf)
                0x000000000000172c                sym_QWOE5H22ZADGJX5JSROW7BOI32Z6PPEEJCISNOQ
 .text          0x000000000000191c       0x6c /home/audifaz/ncs/nrfxlib/mpsl/lib/cortex-m4/soft-float/libmpsl.a(libmpsl_debug_soft__obfuscated.elf)
                0x000000000000191c                sym_2O2USXABBLL6KC7E5NJFOHR6JLZMSV4AU5ZYH3Q
 .text          0x0000000000001988       0x48 /home/audifaz/ncs/nrfxlib/mpsl/lib/cortex-m4/soft-float/libmpsl.a(libmpsl_debug_soft__obfuscated.elf)
                0x0000000000001988                sym_VDVM4QLBTRUPEGCBUXIK25LH2KVQWBZXHRBYEFY
 .text          0x00000000000019d0       0x38 /home/audifaz/ncs/nrfxlib/mpsl/lib/cortex-m4/soft-float/libmpsl.a(libmpsl_debug_soft__obfuscated.elf)
                0x00000000000019d0                sym_UY2NI5OOASY6266A2A7GY3XEUA5M2CDE2WTVEIY
 .text          0x0000000000001a08      0x1a8 /home/audifaz/ncs/nrfxlib/mpsl/lib/cortex-m4/soft-float/libmpsl.a(libmpsl_debug_soft__obfuscated.elf)
                0x0000000000001a08                sym_J5F7QGRFPKMLWRNSXZXS5YI7BM4DUTISCOASCOA
 .text          0x0000000000001bb0       0x14 /home/audifaz/ncs/nrfxlib/mpsl/lib/cortex-m4/soft-float/libmpsl.a(libmpsl_debug_soft__obfuscated.elf)
                0x0000000000001bb0                sym_MGCUANL7Q2CUPWKYBFLWSWSNXIEEYBPZTHT2VZI
 .text          0x0000000000001bc4      0x474 /home/audifaz/ncs/nrfxlib/mpsl/lib/cortex-m4/soft-float/libmpsl.a(libmpsl_debug_soft__obfuscated.elf)
                0x0000000000001bc4                sym_NFDFVOR5BUFND4TNTGYIYR4ARXJRXWSQ4PVFUKY
 .text          0x0000000000002038      0x3c4 /home/audifaz/ncs/nrfxlib/mpsl/lib/cortex-m4/soft-float/libmpsl.a(libmpsl_debug_soft__obfuscated.elf)
                0x0000000000002038                sym_CVH6S6LMSFPC2RM6I6LYWFRVOJUD3A6OCMG7AAI
 .text          0x00000000000023fc      0x218 /home/audifaz/ncs/nrfxlib/mpsl/lib/cortex-m4/soft-float/libmpsl.a(libmpsl_debug_soft__obfuscated.elf)
                0x00000000000023fc                sym_R4Y3KWNYX4PGGLE5X2L7DXMWMJUY3DOXD7LSUKY
 .text          0x0000000000002614       0x44 /home/audifaz/ncs/nrfxlib/mpsl/lib/cortex-m4/soft-float/libmpsl.a(libmpsl_debug_soft__obfuscated.elf)
                0x0000000000002614                sym_CFZK3G6ZC4ONUAYO2UALWQ4CBO7A6ADNAS2FS7Y
 .text          0x0000000000002658      0x210 /home/audifaz/ncs/nrfxlib/mpsl/lib/cortex-m4/soft-float/libmpsl.a(libmpsl_debug_soft__obfuscated.elf)
                0x0000000000002658                sym_DQFOGVCNU4NTOMWSL3IYDNCMIXT2LT7SZHL5IHI
 .text          0x0000000000002868       0x44 /home/audifaz/ncs/nrfxlib/mpsl/lib/cortex-m4/soft-float/libmpsl.a(libmpsl_debug_soft__obfuscated.elf)
                0x0000000000002868                sym_RPHL2J7CVNKM6GKLDIFI4NVAPZE2FHTYW4VJSJI
 .text          0x00000000000028ac      0x130 /home/audifaz/ncs/nrfxlib/mpsl/lib/cortex-m4/soft-float/libmpsl.a(libmpsl_debug_soft__obfuscated.elf)
                0x00000000000028ac                sym_SFR5TVV24PZRIRC5QGOHL2X436PUHKRY2QWKP5Y
 .text          0x00000000000029dc       0xdc /home/audifaz/ncs/nrfxlib/mpsl/lib/cortex-m4/soft-float/libmpsl.a(libmpsl_debug_soft__obfuscated.elf)
                0x00000000000029dc                sym_URFU24FFGR2HYB6CCPIPKPNZNMTWHKDYOATUJNY
 .text          0x0000000000002ab8       0xa8 /home/audifaz/ncs/nrfxlib/mpsl/lib/cortex-m4/soft-float/libmpsl.a(libmpsl_debug_soft__obfuscated.elf)
                0x0000000000002ab8                sym_ZC6NJBPUISWILQK6OTOBMJVVUT63JRIDGH5WNCY
 .text          0x0000000000002b60       0x3c /home/audifaz/ncs/nrfxlib/mpsl/lib/cortex-m4/soft-float/libmpsl.a(libmpsl_debug_soft__obfuscated.elf)
                0x0000000000002b60                sym_4FXF7BZT2IZ3YRYSE3Z2XCICKWZPGDZTXL2ECZQ
 .text          0x0000000000002b9c       0x9c /home/audifaz/ncs/nrfxlib/mpsl/lib/cortex-m4/soft-float/libmpsl.a(libmpsl_debug_soft__obfuscated.elf)
                0x0000000000002b9c                MPSL_IRQ_RTC0_Handler
 .text          0x0000000000002c38       0xf8 /home/audifaz/ncs/nrfxlib/mpsl/lib/cortex-m4/soft-float/libmpsl.a(libmpsl_debug_soft__obfuscated.elf)
                0x0000000000002c38                MPSL_IRQ_TIMER0_Handler
 .text          0x0000000000002d30       0x5c /home/audifaz/ncs/nrfxlib/mpsl/lib/cortex-m4/soft-float/libmpsl.a(libmpsl_debug_soft__obfuscated.elf)
 .text          0x0000000000002d8c        0xc /home/audifaz/ncs/nrfxlib/mpsl/lib/cortex-m4/soft-float/libmpsl.a(libmpsl_debug_soft__obfuscated.elf)
                0x0000000000002d8c                sym_M4DIQOXJAE3BNHQBIUCZXAABSM24CWUEJOCU7DY
 .text          0x0000000000002d98      0x134 /home/audifaz/ncs/nrfxlib/mpsl/lib/cortex-m4/soft-float/libmpsl.a(libmpsl_debug_soft__obfuscated.elf)
                0x0000000000002d98                sym_2ZDZA75WOMRNSQ6XL7IZWAQKYFFSRJOGBGKPTIQ
 .text          0x0000000000002ecc       0xcc /home/audifaz/ncs/nrfxlib/mpsl/lib/cortex-m4/soft-float/libmpsl.a(libmpsl_debug_soft__obfuscated.elf)
                0x0000000000002ecc                sym_UGOJA475OXR5HR5WFINUK27HP5BRGNWCZXQLKDI
 .text          0x0000000000002f98        0xc /home/audifaz/ncs/nrfxlib/mpsl/lib/cortex-m4/soft-float/libmpsl.a(libmpsl_debug_soft__obfuscated.elf)
                0x0000000000002f98                sym_RUQO26WM5KVVEW7O3OHCXPO7LLLXRBDPIPSWIWY
 .text          0x0000000000002fa4       0xf4 /home/audifaz/ncs/nrfxlib/mpsl/lib/cortex-m4/soft-float/libmpsl.a(libmpsl_debug_soft__obfuscated.elf)
                0x0000000000002fa4                sym_QUBGY7RMPG7R5F6DVNURH4AVGDAWMK46YXU4DRA
 .text          0x0000000000003098      0x190 /home/audifaz/ncs/nrfxlib/mpsl/lib/cortex-m4/soft-float/libmpsl.a(libmpsl_debug_soft__obfuscated.elf)
                0x0000000000003098                sym_X2K67YH6UCW6TFK6NTLPZZFGWYHTTPZYK5PXHNQ
 .text          0x0000000000003228       0xb8 /home/audifaz/ncs/nrfxlib/mpsl/lib/cortex-m4/soft-float/libmpsl.a(libmpsl_debug_soft__obfuscated.elf)
                0x0000000000003228                sym_TSYEIN5CZPQE3YK6VECZD5C2M4LMXKKH6O7LNAY
 .text          0x00000000000032e0       0x94 /home/audifaz/ncs/nrfxlib/mpsl/lib/cortex-m4/soft-float/libmpsl.a(libmpsl_debug_soft__obfuscated.elf)
                0x00000000000032e0                sym_OLTN5HGCU3P74AJAQRGNYBUXASUKWF3RI2Q3H5Q
 .text          0x0000000000003374       0x28 /home/audifaz/ncs/nrfxlib/mpsl/lib/cortex-m4/soft-float/libmpsl.a(libmpsl_debug_soft__obfuscated.elf)
                0x0000000000003374                sym_CPXNCG66C5WXYS4GOKTR2JEIS45ZVRZUCBYX34I
 .text          0x000000000000339c       0x34 /home/audifaz/ncs/nrfxlib/mpsl/lib/cortex-m4/soft-float/libmpsl.a(libmpsl_debug_soft__obfuscated.elf)
                0x000000000000339c                sym_CQWZ455IMTLTPY5LEEZHXHRRNX223B3HTDD45HA
 .text          0x00000000000033d0       0x78 /home/audifaz/ncs/nrfxlib/mpsl/lib/cortex-m4/soft-float/libmpsl.a(libmpsl_debug_soft__obfuscated.elf)
                0x00000000000033d0                sym_3SK52U5TD4ACVVYKWS6UI6ZPWKSLV6BW5IGCPJI
 .text          0x0000000000003448       0x58 /home/audifaz/ncs/nrfxlib/mpsl/lib/cortex-m4/soft-float/libmpsl.a(libmpsl_debug_soft__obfuscated.elf)
                0x0000000000003448                sym_AO7IDJTBMFZUQLFLRLEUMHZWK5ISLDQ2UN56FCI
 .text          0x00000000000034a0       0x50 /home/audifaz/ncs/nrfxlib/mpsl/lib/cortex-m4/soft-float/libmpsl.a(libmpsl_debug_soft__obfuscated.elf)
                0x00000000000034a0                MPSL_IRQ_CLOCK_Handler
 .text          0x00000000000034f0       0x38 /home/audifaz/ncs/nrfxlib/mpsl/lib/cortex-m4/soft-float/libmpsl.a(libmpsl_debug_soft__obfuscated.elf)
 .text          0x0000000000003528       0x54 /home/audifaz/ncs/nrfxlib/mpsl/lib/cortex-m4/soft-float/libmpsl.a(libmpsl_debug_soft__obfuscated.elf)
 .text          0x000000000000357c       0xb4 /home/audifaz/ncs/nrfxlib/mpsl/lib/cortex-m4/soft-float/libmpsl.a(libmpsl_debug_soft__obfuscated.elf)
 .text          0x0000000000003630      0x174 /home/audifaz/ncs/nrfxlib/mpsl/lib/cortex-m4/soft-float/libmpsl.a(libmpsl_debug_soft__obfuscated.elf)
 .text          0x00000000000037a4       0x38 /home/audifaz/ncs/nrfxlib/mpsl/lib/cortex-m4/soft-float/libmpsl.a(libmpsl_debug_soft__obfuscated.elf)
                0x00000000000037a4                sym_AF5XKA2WT4DMFZTLKHOBWE7E2EZAMLDDFPQGGTQ
 .text          0x00000000000037dc       0x28 /home/audifaz/ncs/nrfxlib/mpsl/lib/cortex-m4/soft-float/libmpsl.a(libmpsl_debug_soft__obfuscated.elf)
                0x00000000000037dc                sym_PEUB6CZG5CWXXD4M2S6OVBXZGDFOG4XII7USUDQ
 .text          0x0000000000003804       0x1c /home/audifaz/ncs/nrfxlib/mpsl/lib/cortex-m4/soft-float/libmpsl.a(libmpsl_debug_soft__obfuscated.elf)
                0x0000000000003804                mpsl_clock_hfclk_release
 .text          0x0000000000003820       0x38 /home/audifaz/ncs/nrfxlib/mpsl/lib/cortex-m4/soft-float/libmpsl.a(libmpsl_debug_soft__obfuscated.elf)
                0x0000000000003820                mpsl_clock_hfclk_request
 .text          0x0000000000003858       0x1c /home/audifaz/ncs/nrfxlib/mpsl/lib/cortex-m4/soft-float/libmpsl.a(libmpsl_debug_soft__obfuscated.elf)
                0x0000000000003858                sym_MXEZOAVPP5LXUOZ6LJGDWJ57JEG5BZ5YB7LCG7Y
 .text          0x0000000000003874       0x38 /home/audifaz/ncs/nrfxlib/mpsl/lib/cortex-m4/soft-float/libmpsl.a(libmpsl_debug_soft__obfuscated.elf)
                0x0000000000003874                sym_UZOVMIXHY2SDZSVAWFRK4RKQPHXNS37P2CLQ57A
 .text          0x00000000000038ac       0xa0 /home/audifaz/ncs/nrfxlib/mpsl/lib/cortex-m4/soft-float/libmpsl.a(libmpsl_debug_soft__obfuscated.elf)
                0x00000000000038ac                sym_FYHKZOVAJN6VDDHY43FT7PF4YLRDHWRTEWHFG6I
 .text          0x000000000000394c        0xc /home/audifaz/ncs/nrfxlib/mpsl/lib/cortex-m4/soft-float/libmpsl.a(libmpsl_debug_soft__obfuscated.elf)
                0x000000000000394c                sym_ETIE3PCEXQYLK2GIVZENQ6V7PLBRV57MB7BDMNY
 .text          0x0000000000003958       0x3c /home/audifaz/ncs/nrfxlib/mpsl/lib/cortex-m4/soft-float/libmpsl.a(libmpsl_debug_soft__obfuscated.elf)
                0x0000000000003958                sym_UG7CMBAYEZEKSKQK753P4TBTSPUXVRWUS6QJJOA
 .text          0x0000000000003994       0x10 /home/audifaz/ncs/nrfxlib/mpsl/lib/cortex-m4/soft-float/libmpsl.a(libmpsl_debug_soft__obfuscated.elf)
                0x0000000000003994                sym_4CZSFTTT34WDYFZKE2NSCSVSYLPHLZYN7QUTGHY
 .text          0x00000000000039a4       0x5c /home/audifaz/ncs/nrfxlib/mpsl/lib/cortex-m4/soft-float/libmpsl.a(libmpsl_debug_soft__obfuscated.elf)
                0x00000000000039a4                sym_A4JUKJUCTJV55V2WD6TXU63VO5GAMB4XA4EE56Q
 .text          0x0000000000003a00        0xc /home/audifaz/ncs/nrfxlib/mpsl/lib/cortex-m4/soft-float/libmpsl.a(libmpsl_debug_soft__obfuscated.elf)
                0x0000000000003a00                sym_PIRI3CTIHOPR5MPDQRHBJRRZEA2NVOD4J3GXGOA
 .text          0x0000000000003a0c       0x1c /home/audifaz/ncs/nrfxlib/mpsl/lib/cortex-m4/soft-float/libmpsl.a(libmpsl_debug_soft__obfuscated.elf)
                0x0000000000003a0c                sym_LIY23QT3GHIV7NCGJ6ZW6LB2ZUSI56CIFCL6HUY
 .text          0x0000000000003a28       0x18 /home/audifaz/ncs/nrfxlib/mpsl/lib/cortex-m4/soft-float/libmpsl.a(libmpsl_debug_soft__obfuscated.elf)
                0x0000000000003a28                sym_XK3TMLCZALCYYWGULGHQIRSOBMPIIPJ7HEMOZIQ
 .text          0x0000000000003a40       0x10 /home/audifaz/ncs/nrfxlib/mpsl/lib/cortex-m4/soft-float/libmpsl.a(libmpsl_debug_soft__obfuscated.elf)
                0x0000000000003a40                sym_7BUNPUBNWNFVXXIMNFFNK765OVON5LBIUZ66QRI
 .text          0x0000000000003a50       0x30 /home/audifaz/ncs/nrfxlib/mpsl/lib/cortex-m4/soft-float/libmpsl.a(libmpsl_debug_soft__obfuscated.elf)
 .text          0x0000000000003a80       0x10 /home/audifaz/ncs/nrfxlib/mpsl/lib/cortex-m4/soft-float/libmpsl.a(libmpsl_debug_soft__obfuscated.elf)
                0x0000000000003a80                sym_4JLKMM32SOXCP6XBYAWZDUIMUJIYXLKKDBOFLHI
 .text          0x0000000000003a90       0x20 /home/audifaz/ncs/nrfxlib/mpsl/lib/cortex-m4/soft-float/libmpsl.a(libmpsl_debug_soft__obfuscated.elf)
 .text          0x0000000000003ab0       0x24 /home/audifaz/ncs/nrfxlib/mpsl/lib/cortex-m4/soft-float/libmpsl.a(libmpsl_debug_soft__obfuscated.elf)
 .text          0x0000000000003ad4       0x48 /home/audifaz/ncs/nrfxlib/mpsl/lib/cortex-m4/soft-float/libmpsl.a(libmpsl_debug_soft__obfuscated.elf)
                0x0000000000003ad4                sym_S2UAPMFVIQXDUOA6CV7GJMB33TYHEUH5D6LHO5Q
 .text          0x0000000000003b1c       0x68 /home/audifaz/ncs/nrfxlib/mpsl/lib/cortex-m4/soft-float/libmpsl.a(libmpsl_debug_soft__obfuscated.elf)
                0x0000000000003b1c                mpsl_init
 .text          0x0000000000003b84        0xc /home/audifaz/ncs/nrfxlib/mpsl/lib/cortex-m4/soft-float/libmpsl.a(libmpsl_debug_soft__obfuscated.elf)
                0x0000000000003b84                mpsl_is_initialized
 .text          0x0000000000003b90       0x24 /home/audifaz/ncs/nrfxlib/mpsl/lib/cortex-m4/soft-float/libmpsl.a(libmpsl_debug_soft__obfuscated.elf)
                0x0000000000003b90                sym_XR32KBBIVYD5OVRJM2RBQ57EGCCM2C3F5IY6OHQ
 .text          0x0000000000003bb4       0x84 /home/audifaz/ncs/nrfxlib/mpsl/lib/cortex-m4/soft-float/libmpsl.a(libmpsl_debug_soft__obfuscated.elf)
                0x0000000000003bb4                mpsl_temperature_get
 .text          0x0000000000003c38       0x3c /home/audifaz/ncs/nrfxlib/mpsl/lib/cortex-m4/soft-float/libmpsl.a(libmpsl_debug_soft__obfuscated.elf)
                0x0000000000003c38                sym_W7ROFHNOSDKPIRUKDGIZZ5YR3MC3DAM2YLJOUIA
 .text          0x0000000000003c74       0x38 /home/audifaz/ncs/nrfxlib/mpsl/lib/cortex-m4/soft-float/libmpsl.a(libmpsl_debug_soft__obfuscated.elf)
                0x0000000000003c74                sym_GURZ3AH6X65RGSKYMYNWZVP6HM56LA5MRAQWT6Q
 .text          0x0000000000003cac       0x48 /home/audifaz/ncs/nrfxlib/mpsl/lib/cortex-m4/soft-float/libmpsl.a(libmpsl_debug_soft__obfuscated.elf)
                0x0000000000003cac                sym_VWGRUQT3LYZHLYS5KJ7UOCJEHLDJTWH4RVJBGKQ
 .text          0x0000000000003cf4       0x24 /home/audifaz/ncs/nrfxlib/mpsl/lib/cortex-m4/soft-float/libmpsl.a(libmpsl_debug_soft__obfuscated.elf)
                0x0000000000003cf4                sym_4WL3TG4Q7RCTFEMPQ2CQTOL4PAKUULDPJUM5DTY
 .text          0x0000000000003d18       0x60 /home/audifaz/ncs/nrfxlib/mpsl/lib/cortex-m4/soft-float/libmpsl.a(libmpsl_debug_soft__obfuscated.elf)
                0x0000000000003d18                sym_PAD7XREQQORPXRJMXMW2EYVS4S43S42A5D43SBA
 .text          0x0000000000003d78       0x40 /home/audifaz/ncs/nrfxlib/mpsl/lib/cortex-m4/soft-float/libmpsl.a(libmpsl_debug_soft__obfuscated.elf)
                0x0000000000003d78                sym_DQONLUECJTIEYFOFJXXAPJO4POIAJKJNKBGVN5A
 .text          0x0000000000003db8       0x40 /home/audifaz/ncs/nrfxlib/mpsl/lib/cortex-m4/soft-float/libmpsl.a(libmpsl_debug_soft__obfuscated.elf)
 .text          0x0000000000003df8       0x28 /home/audifaz/ncs/nrfxlib/mpsl/lib/cortex-m4/soft-float/libmpsl.a(libmpsl_debug_soft__obfuscated.elf)
                0x0000000000003df8                sym_24DWUIEE2POS3GYSEVA4IAL4G7TGCCCJXT6D5AA
 .text          0x0000000000003e20       0x58 /home/audifaz/ncs/nrfxlib/mpsl/lib/cortex-m4/soft-float/libmpsl.a(libmpsl_debug_soft__obfuscated.elf)
                0x0000000000003e20                sym_GNQQQFEWM5SWEGVB5JHP7HYAZGI4CDQXSGHR4SQ
 .text          0x0000000000003e78       0x1c /home/audifaz/ncs/nrfxlib/mpsl/lib/cortex-m4/soft-float/libmpsl.a(libmpsl_debug_soft__obfuscated.elf)
                0x0000000000003e78                sym_65YCAVBDKPZHZGRZXNQZCLS62UDJXZDBEFWVSII
 .text          0x0000000000003e94       0x2c /home/audifaz/ncs/nrfxlib/mpsl/lib/cortex-m4/soft-float/libmpsl.a(libmpsl_debug_soft__obfuscated.elf)
                0x0000000000003e94                sym_H2AKPOL4Q6GKGQJVBUBWLPO3RBNKXXQE2HSOELQ
 .text          0x0000000000003ec0       0x1c /home/audifaz/ncs/nrfxlib/mpsl/lib/cortex-m4/soft-float/libmpsl.a(libmpsl_debug_soft__obfuscated.elf)
                0x0000000000003ec0                sym_UCUZCD3IIQBIFBTQEAMBH3ROVF42G3OC6HCQXWQ
 .text          0x0000000000003edc       0x6c /home/audifaz/ncs/nrfxlib/softdevice_controller/lib/cortex-m4/soft-float/libsoftdevice_controller_s132.a(libsoftdevice_controller_s132_debug_soft__obfuscated.elf)
 .text          0x0000000000003f48       0x1c /home/audifaz/ncs/nrfxlib/softdevice_controller/lib/cortex-m4/soft-float/libsoftdevice_controller_s132.a(libsoftdevice_controller_s132_debug_soft__obfuscated.elf)
                0x0000000000003f48                sdc_build_revision_get
 .text          0x0000000000003f64       0x58 /home/audifaz/ncs/nrfxlib/softdevice_controller/lib/cortex-m4/soft-float/libsoftdevice_controller_s132.a(libsoftdevice_controller_s132_debug_soft__obfuscated.elf)
                0x0000000000003f64                sdc_cfg_set
 .text          0x0000000000003fbc       0x44 /home/audifaz/ncs/nrfxlib/softdevice_controller/lib/cortex-m4/soft-float/libsoftdevice_controller_s132.a(libsoftdevice_controller_s132_debug_soft__obfuscated.elf)
                0x0000000000003fbc                sdc_enable
 .text          0x0000000000004000       0x8c /home/audifaz/ncs/nrfxlib/softdevice_controller/lib/cortex-m4/soft-float/libsoftdevice_controller_s132.a(libsoftdevice_controller_s132_debug_soft__obfuscated.elf)
                0x0000000000004000                sdc_init
 .text          0x000000000000408c       0x68 /home/audifaz/ncs/nrfxlib/softdevice_controller/lib/cortex-m4/soft-float/libsoftdevice_controller_s132.a(libsoftdevice_controller_s132_debug_soft__obfuscated.elf)
                0x000000000000408c                sym_476LRB5XNUARAHCHHC7ZAIGPFC5VZ4W2N4467LI
 .text          0x00000000000040f4       0x46 /home/audifaz/ncs/nrfxlib/softdevice_controller/lib/cortex-m4/soft-float/libsoftdevice_controller_s132.a(libsoftdevice_controller_s132_debug_soft__obfuscated.elf)
 *fill*         0x000000000000413a        0x2 
 .text          0x000000000000413c       0x50 /home/audifaz/ncs/nrfxlib/softdevice_controller/lib/cortex-m4/soft-float/libsoftdevice_controller_s132.a(libsoftdevice_controller_s132_debug_soft__obfuscated.elf)
                0x000000000000413c                sym_MEYOCD6AYGN6BYYH5M35H6GLLMHM6TYBBTCW2LI
 .text          0x000000000000418c       0x68 /home/audifaz/ncs/nrfxlib/softdevice_controller/lib/cortex-m4/soft-float/libsoftdevice_controller_s132.a(libsoftdevice_controller_s132_debug_soft__obfuscated.elf)
                0x000000000000418c                sym_DUIEI4YTK3TJQ2V3W7PLOGVTWVPNDBBG4WJWTAQ
 .text          0x00000000000041f4       0x38 /home/audifaz/ncs/nrfxlib/softdevice_controller/lib/cortex-m4/soft-float/libsoftdevice_controller_s132.a(libsoftdevice_controller_s132_debug_soft__obfuscated.elf)
 .text          0x000000000000422c        0xc /home/audifaz/ncs/nrfxlib/softdevice_controller/lib/cortex-m4/soft-float/libsoftdevice_controller_s132.a(libsoftdevice_controller_s132_debug_soft__obfuscated.elf)
                0x000000000000422c                sym_Q4MVB6BAYYKAN3YZ2SZEJW6V5OITCIHY2IOHXKY
 .text          0x0000000000004238       0x5c /home/audifaz/ncs/nrfxlib/softdevice_controller/lib/cortex-m4/soft-float/libsoftdevice_controller_s132.a(libsoftdevice_controller_s132_debug_soft__obfuscated.elf)
 .text          0x0000000000004294       0x38 /home/audifaz/ncs/nrfxlib/softdevice_controller/lib/cortex-m4/soft-float/libsoftdevice_controller_s132.a(libsoftdevice_controller_s132_debug_soft__obfuscated.elf)
                0x0000000000004294                sym_Z7NJGBYWCKFTEHRYWAIDKWPEUN45273QSWUA5CY
 .text          0x00000000000042cc       0x1c /home/audifaz/ncs/nrfxlib/softdevice_controller/lib/cortex-m4/soft-float/libsoftdevice_controller_s132.a(libsoftdevice_controller_s132_debug_soft__obfuscated.elf)
                0x00000000000042cc                sym_CEENVC5DZRUT7MGF5LABXKT4NV7YUL5F6EX6TEQ
 .text          0x00000000000042e8        0xc /home/audifaz/ncs/nrfxlib/softdevice_controller/lib/cortex-m4/soft-float/libsoftdevice_controller_s132.a(libsoftdevice_controller_s132_debug_soft__obfuscated.elf)
                0x00000000000042e8                sym_PPT6FEOF2T6DRALMCRRTUI7CHLEPBAN25HYV3KQ
 .text          0x00000000000042f4       0x1c /home/audifaz/ncs/nrfxlib/softdevice_controller/lib/cortex-m4/soft-float/libsoftdevice_controller_s132.a(libsoftdevice_controller_s132_debug_soft__obfuscated.elf)
                0x00000000000042f4                sym_TU2SMBIUC7JL6C3K2XB6727DQLBLV5LEGIMZAFQ
 .text          0x0000000000004310        0xc /home/audifaz/ncs/nrfxlib/softdevice_controller/lib/cortex-m4/soft-float/libsoftdevice_controller_s132.a(libsoftdevice_controller_s132_debug_soft__obfuscated.elf)
                0x0000000000004310                sym_CIVMWIRGIOQ374UFFPIFNN4ZGKYK2FRKTT6YRYA
 .text          0x000000000000431c       0x1c /home/audifaz/ncs/nrfxlib/softdevice_controller/lib/cortex-m4/soft-float/libsoftdevice_controller_s132.a(libsoftdevice_controller_s132_debug_soft__obfuscated.elf)
                0x000000000000431c                sym_TG7NSIC2UKHCUBZWZ4K4EMD5QRI2QVSKVKV6CFQ
 .text          0x0000000000004338       0x24 /home/audifaz/ncs/nrfxlib/softdevice_controller/lib/cortex-m4/soft-float/libsoftdevice_controller_s132.a(libsoftdevice_controller_s132_debug_soft__obfuscated.elf)
                0x0000000000004338                sdc_hci_cmd_cb_reset
 .text          0x000000000000435c        0xc /home/audifaz/ncs/nrfxlib/softdevice_controller/lib/cortex-m4/soft-float/libsoftdevice_controller_s132.a(libsoftdevice_controller_s132_debug_soft__obfuscated.elf)
                0x000000000000435c                sym_G3KVRHCJDVHL7HV53526V3YI3DTK2IW2CADUWZQ
 .text          0x0000000000004368       0x20 /home/audifaz/ncs/nrfxlib/softdevice_controller/lib/cortex-m4/soft-float/libsoftdevice_controller_s132.a(libsoftdevice_controller_s132_debug_soft__obfuscated.elf)
                0x0000000000004368                sdc_hci_cmd_vs_zephyr_read_version_info
 .text          0x0000000000004388       0x6c /home/audifaz/ncs/nrfxlib/softdevice_controller/lib/cortex-m4/soft-float/libsoftdevice_controller_s132.a(libsoftdevice_controller_s132_debug_soft__obfuscated.elf)
                0x0000000000004388                sym_QSUAMFEDJMVCYQUJNPHGXEKEFULJEH46BNC5SLA
 .text          0x00000000000043f4       0x1c /home/audifaz/ncs/nrfxlib/softdevice_controller/lib/cortex-m4/soft-float/libsoftdevice_controller_s132.a(libsoftdevice_controller_s132_debug_soft__obfuscated.elf)
                0x00000000000043f4                sym_XHE47EZYHONCPR22HUAZULMCALDJINMYREOFDEI
 .text          0x0000000000004410       0x88 /home/audifaz/ncs/nrfxlib/softdevice_controller/lib/cortex-m4/soft-float/libsoftdevice_controller_s132.a(libsoftdevice_controller_s132_debug_soft__obfuscated.elf)
                0x0000000000004410                sym_EQ53CEL7EDVHMFMHMFPRRQU46C5YKKFEBAACFOA
 .text          0x0000000000004498       0x4c /home/audifaz/ncs/nrfxlib/softdevice_controller/lib/cortex-m4/soft-float/libsoftdevice_controller_s132.a(libsoftdevice_controller_s132_debug_soft__obfuscated.elf)
                0x0000000000004498                sym_6I4XEOIW7LI2E3Z53L54ZHQQHYICXR4H4JQWXLA
 .text          0x00000000000044e4       0x64 /home/audifaz/ncs/nrfxlib/softdevice_controller/lib/cortex-m4/soft-float/libsoftdevice_controller_s132.a(libsoftdevice_controller_s132_debug_soft__obfuscated.elf)
                0x00000000000044e4                sym_4AWF7EXI3MMHUULTY73E756U3IY5DEXOZ265MZY
 .text          0x0000000000004548       0x10 /home/audifaz/ncs/nrfxlib/softdevice_controller/lib/cortex-m4/soft-float/libsoftdevice_controller_s132.a(libsoftdevice_controller_s132_debug_soft__obfuscated.elf)
 .text          0x0000000000004558       0x6c /home/audifaz/ncs/nrfxlib/softdevice_controller/lib/cortex-m4/soft-float/libsoftdevice_controller_s132.a(libsoftdevice_controller_s132_debug_soft__obfuscated.elf)
 .text          0x00000000000045c4       0x20 /home/audifaz/ncs/nrfxlib/softdevice_controller/lib/cortex-m4/soft-float/libsoftdevice_controller_s132.a(libsoftdevice_controller_s132_debug_soft__obfuscated.elf)
 .text          0x00000000000045e4       0x64 /home/audifaz/ncs/nrfxlib/softdevice_controller/lib/cortex-m4/soft-float/libsoftdevice_controller_s132.a(libsoftdevice_controller_s132_debug_soft__obfuscated.elf)
 .text          0x0000000000004648       0x14 /home/audifaz/ncs/nrfxlib/softdevice_controller/lib/cortex-m4/soft-float/libsoftdevice_controller_s132.a(libsoftdevice_controller_s132_debug_soft__obfuscated.elf)
 .text          0x000000000000465c       0x14 /home/audifaz/ncs/nrfxlib/softdevice_controller/lib/cortex-m4/soft-float/libsoftdevice_controller_s132.a(libsoftdevice_controller_s132_debug_soft__obfuscated.elf)
 .text          0x0000000000004670       0xa4 /home/audifaz/ncs/nrfxlib/softdevice_controller/lib/cortex-m4/soft-float/libsoftdevice_controller_s132.a(libsoftdevice_controller_s132_debug_soft__obfuscated.elf)
                0x0000000000004670                sym_24NU2MJKHN4R2Z7HXHMPDWTTDYSB32VL6HEQPZA
 .text          0x0000000000004714       0x58 /home/audifaz/ncs/nrfxlib/softdevice_controller/lib/cortex-m4/soft-float/libsoftdevice_controller_s132.a(libsoftdevice_controller_s132_debug_soft__obfuscated.elf)
                0x0000000000004714                sym_3QFBRH4ZSIA64QP2I3K547Y5WIALGQTCBP5Y5SQ
 .text          0x000000000000476c       0x68 /home/audifaz/ncs/nrfxlib/softdevice_controller/lib/cortex-m4/soft-float/libsoftdevice_controller_s132.a(libsoftdevice_controller_s132_debug_soft__obfuscated.elf)
                0x000000000000476c                sym_6DYG6C6ROXZA67GZINNB2XIQHL3KE2RCKK4QFXA
 .text          0x00000000000047d4       0x28 /home/audifaz/ncs/nrfxlib/softdevice_controller/lib/cortex-m4/soft-float/libsoftdevice_controller_s132.a(libsoftdevice_controller_s132_debug_soft__obfuscated.elf)
                0x00000000000047d4                sym_NOQRMQ5IH6SQFJEPI5A3UBMITO54HG4WO4DTTXA
 .text          0x00000000000047fc       0x2c /home/audifaz/ncs/nrfxlib/softdevice_controller/lib/cortex-m4/soft-float/libsoftdevice_controller_s132.a(libsoftdevice_controller_s132_debug_soft__obfuscated.elf)
                0x00000000000047fc                sym_YNBBHT54WKEGUNVC6TSBMRGLF67VFWBOYEMKGTQ
 .text          0x0000000000004828       0x30 /home/audifaz/ncs/nrfxlib/softdevice_controller/lib/cortex-m4/soft-float/libsoftdevice_controller_s132.a(libsoftdevice_controller_s132_debug_soft__obfuscated.elf)
                0x0000000000004828                sym_35ZAQW4ABRMBYES2ZHPK63BHZAFFFC4WMGEJ6NA
 .text          0x0000000000004858       0x30 /home/audifaz/ncs/nrfxlib/softdevice_controller/lib/cortex-m4/soft-float/libsoftdevice_controller_s132.a(libsoftdevice_controller_s132_debug_soft__obfuscated.elf)
 .text          0x0000000000004888       0x5c /home/audifaz/ncs/nrfxlib/softdevice_controller/lib/cortex-m4/soft-float/libsoftdevice_controller_s132.a(libsoftdevice_controller_s132_debug_soft__obfuscated.elf)
 .text          0x00000000000048e4       0x8c /home/audifaz/ncs/nrfxlib/softdevice_controller/lib/cortex-m4/soft-float/libsoftdevice_controller_s132.a(libsoftdevice_controller_s132_debug_soft__obfuscated.elf)
 .text          0x0000000000004970       0x34 /home/audifaz/ncs/nrfxlib/softdevice_controller/lib/cortex-m4/soft-float/libsoftdevice_controller_s132.a(libsoftdevice_controller_s132_debug_soft__obfuscated.elf)
                0x0000000000004970                sym_E5WZNPP2DINHF6K4PHXLYLX5AXTYBQYGQESRSGQ
 .text          0x00000000000049a4       0xd4 /home/audifaz/ncs/nrfxlib/softdevice_controller/lib/cortex-m4/soft-float/libsoftdevice_controller_s132.a(libsoftdevice_controller_s132_debug_soft__obfuscated.elf)
                0x00000000000049a4                sym_2ZCOT6ZEUU54S36NE627GOZVLBS26AFIUJKNLBI
 .text          0x0000000000004a78       0x28 /home/audifaz/ncs/nrfxlib/softdevice_controller/lib/cortex-m4/soft-float/libsoftdevice_controller_s132.a(libsoftdevice_controller_s132_debug_soft__obfuscated.elf)
                0x0000000000004a78                sym_RZ4KEX57U2ASIFFSRQDHBCB7WVJNTOCZSYKJFSA
 .text          0x0000000000004aa0       0x4c /home/audifaz/ncs/nrfxlib/softdevice_controller/lib/cortex-m4/soft-float/libsoftdevice_controller_s132.a(libsoftdevice_controller_s132_debug_soft__obfuscated.elf)
                0x0000000000004aa0                sym_YRXVGCYVFXOSIQO43AC5UEELHEXP2A4UAFUQRPI
 .text          0x0000000000004aec       0x10 /home/audifaz/ncs/nrfxlib/softdevice_controller/lib/cortex-m4/soft-float/libsoftdevice_controller_s132.a(libsoftdevice_controller_s132_debug_soft__obfuscated.elf)
                0x0000000000004aec                sym_7YLXP6BHTAWWWMXLB5XOZU3Q27WEPTH5PONOKOI
 .text          0x0000000000004afc       0x28 /home/audifaz/ncs/nrfxlib/softdevice_controller/lib/cortex-m4/soft-float/libsoftdevice_controller_s132.a(libsoftdevice_controller_s132_debug_soft__obfuscated.elf)
                0x0000000000004afc                sym_QFSP7NEBRUPCXI7KU3RYDOWD7SSPVNXVSULPYYY
 .text          0x0000000000004b24        0xc /home/audifaz/ncs/nrfxlib/softdevice_controller/lib/cortex-m4/soft-float/libsoftdevice_controller_s132.a(libsoftdevice_controller_s132_debug_soft__obfuscated.elf)
                0x0000000000004b24                sym_O2AFZAWKVBYRIBDK67CHKRSMY4WR2S6V2VOPETI
 .text          0x0000000000004b30       0x24 /home/audifaz/ncs/nrfxlib/softdevice_controller/lib/cortex-m4/soft-float/libsoftdevice_controller_s132.a(libsoftdevice_controller_s132_debug_soft__obfuscated.elf)
                0x0000000000004b30                sym_44PAL7VRDLM7JAHHE46SH64ZILJVRWB7LYZHG4I
 .text          0x0000000000004b54        0xc /home/audifaz/ncs/nrfxlib/softdevice_controller/lib/cortex-m4/soft-float/libsoftdevice_controller_s132.a(libsoftdevice_controller_s132_debug_soft__obfuscated.elf)
                0x0000000000004b54                sym_ZXM7KZCJVXF5JQS53RSDXIJ4HMUIELSZ3E43YFQ
 .text          0x0000000000004b60       0x20 /home/audifaz/ncs/nrfxlib/softdevice_controller/lib/cortex-m4/soft-float/libsoftdevice_controller_s132.a(libsoftdevice_controller_s132_debug_soft__obfuscated.elf)
                0x0000000000004b60                sym_G37M6IIXFP43ACRKNNFX4CIGVJGGHQJ62ZJ5TTI
 .text          0x0000000000004b80       0x30 /home/audifaz/ncs/nrfxlib/softdevice_controller/lib/cortex-m4/soft-float/libsoftdevice_controller_s132.a(libsoftdevice_controller_s132_debug_soft__obfuscated.elf)
                0x0000000000004b80                sym_EYIHOGBWBCMB5KSAAVLK6V2XC2PNYI4CUGUZRMY
 .text          0x0000000000004bb0       0x24 /home/audifaz/ncs/nrfxlib/softdevice_controller/lib/cortex-m4/soft-float/libsoftdevice_controller_s132.a(libsoftdevice_controller_s132_debug_soft__obfuscated.elf)
                0x0000000000004bb0                sym_VOWAB7CX7QR3QZO4BOMEFRG3OQVIEDUOTXDSIZQ
 .text          0x0000000000004bd4       0x1c /home/audifaz/ncs/nrfxlib/softdevice_controller/lib/cortex-m4/soft-float/libsoftdevice_controller_s132.a(libsoftdevice_controller_s132_debug_soft__obfuscated.elf)
 .text          0x0000000000004bf0       0x4a /home/audifaz/ncs/nrfxlib/softdevice_controller/lib/cortex-m4/soft-float/libsoftdevice_controller_s132.a(libsoftdevice_controller_s132_debug_soft__obfuscated.elf)
 *fill*         0x0000000000004c3a        0x2 
 .text          0x0000000000004c3c       0x44 /home/audifaz/ncs/nrfxlib/softdevice_controller/lib/cortex-m4/soft-float/libsoftdevice_controller_s132.a(libsoftdevice_controller_s132_debug_soft__obfuscated.elf)
                0x0000000000004c3c                sym_4SVQMPT754VXN2AWYY6JE7KITHSHSLYTNUBSWZA
 .text          0x0000000000004c80        0xc /home/audifaz/ncs/nrfxlib/softdevice_controller/lib/cortex-m4/soft-float/libsoftdevice_controller_s132.a(libsoftdevice_controller_s132_debug_soft__obfuscated.elf)
                0x0000000000004c80                sym_Z532D623Y7HDGW5WU344Z73EWIA3AYTZGWVFKIY
 .text          0x0000000000004c8c       0x10 /home/audifaz/ncs/nrfxlib/softdevice_controller/lib/cortex-m4/soft-float/libsoftdevice_controller_s132.a(libsoftdevice_controller_s132_debug_soft__obfuscated.elf)
                0x0000000000004c8c                sym_P6K4PWFIUTLB5PEOIIMIJKUC3RGJ5ERWNYQK34Y
 .text          0x0000000000004c9c        0xc /home/audifaz/ncs/nrfxlib/softdevice_controller/lib/cortex-m4/soft-float/libsoftdevice_controller_s132.a(libsoftdevice_controller_s132_debug_soft__obfuscated.elf)
                0x0000000000004c9c                sym_D6WSZJGHBVSNS7ZN6DCIU7W37KOBRFZ3D7V2IKQ
 .text          0x0000000000004ca8       0x10 /home/audifaz/ncs/nrfxlib/softdevice_controller/lib/cortex-m4/soft-float/libsoftdevice_controller_s132.a(libsoftdevice_controller_s132_debug_soft__obfuscated.elf)
                0x0000000000004ca8                sym_5J64OSX6B5PYXNSLHXY64ZK4MCPU4BDFR5B2EQI
 .text          0x0000000000004cb8       0x54 /home/audifaz/ncs/nrfxlib/softdevice_controller/lib/cortex-m4/soft-float/libsoftdevice_controller_s132.a(libsoftdevice_controller_s132_debug_soft__obfuscated.elf)
                0x0000000000004cb8                sym_MCAMJAIBJDD4JPS3OAKE3HA4IEMPLSTZ46SLXYY
 .text          0x0000000000004d0c       0x8c /home/audifaz/ncs/nrfxlib/softdevice_controller/lib/cortex-m4/soft-float/libsoftdevice_controller_s132.a(libsoftdevice_controller_s132_debug_soft__obfuscated.elf)
                0x0000000000004d0c                sym_UW7UHI7YXZEM7ILBVUNOPL56EYZPKQPCGAGT25Y
 .text          0x0000000000004d98       0x1c /home/audifaz/ncs/nrfxlib/softdevice_controller/lib/cortex-m4/soft-float/libsoftdevice_controller_s132.a(libsoftdevice_controller_s132_debug_soft__obfuscated.elf)
                0x0000000000004d98                sym_REO6MG4FRJTNQQ56RDJDYGEWFEO5TFVYGRW6OLI
 .text          0x0000000000004db4       0x24 /home/audifaz/ncs/nrfxlib/softdevice_controller/lib/cortex-m4/soft-float/libsoftdevice_controller_s132.a(libsoftdevice_controller_s132_debug_soft__obfuscated.elf)
                0x0000000000004db4                sym_V7MOOXL5SOLISKFFGWJC7M3XDITU574WBQOXGWY
 .text          0x0000000000004dd8        0xc /home/audifaz/ncs/nrfxlib/softdevice_controller/lib/cortex-m4/soft-float/libsoftdevice_controller_s132.a(libsoftdevice_controller_s132_debug_soft__obfuscated.elf)
                0x0000000000004dd8                sym_IXGTNRGKILIZPWG2NJIZ2ALUPW2IM3XFVCGJW2I
 .text          0x0000000000004de4       0x2c /home/audifaz/ncs/nrfxlib/softdevice_controller/lib/cortex-m4/soft-float/libsoftdevice_controller_s132.a(libsoftdevice_controller_s132_debug_soft__obfuscated.elf)
                0x0000000000004de4                sym_54CHYGRI3UHSVLN5ZOGJESXNRISJW5CS4IYBN7Y
 .text          0x0000000000004e10       0x28 /home/audifaz/ncs/nrfxlib/softdevice_controller/lib/cortex-m4/soft-float/libsoftdevice_controller_s132.a(libsoftdevice_controller_s132_debug_soft__obfuscated.elf)
                0x0000000000004e10                sym_AGWGY6I3YKHHV6TMAWL24HN4IKGOB7PZYXPWBRA
 .text          0x0000000000004e38       0x28 /home/audifaz/ncs/nrfxlib/softdevice_controller/lib/cortex-m4/soft-float/libsoftdevice_controller_s132.a(libsoftdevice_controller_s132_debug_soft__obfuscated.elf)
                0x0000000000004e38                sym_JHXS4T25BAYOMDDZMWPX3HMPENRV73GSV2RYHAI
 .text          0x0000000000004e60       0x2c /home/audifaz/ncs/nrfxlib/softdevice_controller/lib/cortex-m4/soft-float/libsoftdevice_controller_s132.a(libsoftdevice_controller_s132_debug_soft__obfuscated.elf)
                0x0000000000004e60                sym_65LA7GM3MU7DDFQKTB75BYTZMPMROSWKS3VXCNI
 .text          0x0000000000004e8c        0xc /home/audifaz/ncs/nrfxlib/softdevice_controller/lib/cortex-m4/soft-float/libsoftdevice_controller_s132.a(libsoftdevice_controller_s132_debug_soft__obfuscated.elf)
                0x0000000000004e8c                sym_NKFCLZ5HTE6KVHDV5DGZ6TJP4KSZI43SYBECPRY
 .text          0x0000000000004e98       0x20 /home/audifaz/ncs/nrfxlib/softdevice_controller/lib/cortex-m4/soft-float/libsoftdevice_controller_s132.a(libsoftdevice_controller_s132_debug_soft__obfuscated.elf)
                0x0000000000004e98                sym_QXKT3PVMDTZRAAU2QNTWO5VOUEZ4NW6TWISREXY
 .text          0x0000000000004eb8       0x20 /home/audifaz/ncs/nrfxlib/softdevice_controller/lib/cortex-m4/soft-float/libsoftdevice_controller_s132.a(libsoftdevice_controller_s132_debug_soft__obfuscated.elf)
                0x0000000000004eb8                sym_MJCF2WRL4I323V23HKVENOJWV5IXH54R5X6LJRY
 .text          0x0000000000004ed8       0x3c /home/audifaz/ncs/nrfxlib/softdevice_controller/lib/cortex-m4/soft-float/libsoftdevice_controller_s132.a(libsoftdevice_controller_s132_debug_soft__obfuscated.elf)
                0x0000000000004ed8                sym_Z47IXNZNEDTOWLB6B34VWMDNCXIIZJKTXKEH4NA
 .text          0x0000000000004f14       0x24 /home/audifaz/ncs/nrfxlib/softdevice_controller/lib/cortex-m4/soft-float/libsoftdevice_controller_s132.a(libsoftdevice_controller_s132_debug_soft__obfuscated.elf)
                0x0000000000004f14                sym_OEEB4IPB4NLF7OND2A5BJPKCV3QQLIZIALUAOAI
 .text          0x0000000000004f38       0x38 /home/audifaz/ncs/nrfxlib/softdevice_controller/lib/cortex-m4/soft-float/libsoftdevice_controller_s132.a(libsoftdevice_controller_s132_debug_soft__obfuscated.elf)
                0x0000000000004f38                sym_WCOWXKSKBH7DOKKKINFZAPWXKW4NYAUCJWTUKBI
 .text          0x0000000000004f70        0xc /home/audifaz/ncs/nrfxlib/softdevice_controller/lib/cortex-m4/soft-float/libsoftdevice_controller_s132.a(libsoftdevice_controller_s132_debug_soft__obfuscated.elf)
                0x0000000000004f70                sym_BGPX36PUCNVPV3544HQ5RQFY5WG7CJAFVVBI7AY
 .text          0x0000000000004f7c       0x30 /home/audifaz/ncs/nrfxlib/softdevice_controller/lib/cortex-m4/soft-float/libsoftdevice_controller_s132.a(libsoftdevice_controller_s132_debug_soft__obfuscated.elf)
                0x0000000000004f7c                sym_QKSVBALUN2V4XT4OCC56LE75IAYLDFRRIVLBZ2Q
 .text          0x0000000000004fac       0x20 /home/audifaz/ncs/nrfxlib/softdevice_controller/lib/cortex-m4/soft-float/libsoftdevice_controller_s132.a(libsoftdevice_controller_s132_debug_soft__obfuscated.elf)
                0x0000000000004fac                sym_AO3U45UEGFLUPMT565ZR5UWUQUONF5AKILLCT3A
 .text          0x0000000000004fcc        0xc /home/audifaz/ncs/nrfxlib/softdevice_controller/lib/cortex-m4/soft-float/libsoftdevice_controller_s132.a(libsoftdevice_controller_s132_debug_soft__obfuscated.elf)
                0x0000000000004fcc                sym_ZULXSERCAZOVB2ZZ7BC6764V73TJQV72ZPWILSQ
 .text          0x0000000000004fd8        0xc /home/audifaz/ncs/nrfxlib/softdevice_controller/lib/cortex-m4/soft-float/libsoftdevice_controller_s132.a(libsoftdevice_controller_s132_debug_soft__obfuscated.elf)
                0x0000000000004fd8                sym_4UMPVHCMNEM5ENBBHCLGXZREGEKKHKHZOKNMH2I
 .text          0x0000000000004fe4        0xc /home/audifaz/ncs/nrfxlib/softdevice_controller/lib/cortex-m4/soft-float/libsoftdevice_controller_s132.a(libsoftdevice_controller_s132_debug_soft__obfuscated.elf)
                0x0000000000004fe4                sym_IHWHOAENEU2EYZP2UWQTUC6SSXGS5NNQSIFSEAQ
 .text          0x0000000000004ff0        0xc /home/audifaz/ncs/nrfxlib/softdevice_controller/lib/cortex-m4/soft-float/libsoftdevice_controller_s132.a(libsoftdevice_controller_s132_debug_soft__obfuscated.elf)
                0x0000000000004ff0                sym_Q3RLGT2MQM6S4H2ODVJHPDU44HGSYVXJV7676ZY
 .text          0x0000000000004ffc       0x4c /home/audifaz/ncs/nrfxlib/softdevice_controller/lib/cortex-m4/soft-float/libsoftdevice_controller_s132.a(libsoftdevice_controller_s132_debug_soft__obfuscated.elf)
                0x0000000000004ffc                sym_Y7AVZMA56ZL7YUO4EH7QCTNH6P3ZXX2D4F33L2I
 .text          0x0000000000005048       0x2c /home/audifaz/ncs/nrfxlib/softdevice_controller/lib/cortex-m4/soft-float/libsoftdevice_controller_s132.a(libsoftdevice_controller_s132_debug_soft__obfuscated.elf)
                0x0000000000005048                sym_ULQ236TSMK6UJATLJCXSX5JBKSVB4ZM2NNU74PA
 .text          0x0000000000005074        0xc /home/audifaz/ncs/nrfxlib/softdevice_controller/lib/cortex-m4/soft-float/libsoftdevice_controller_s132.a(libsoftdevice_controller_s132_debug_soft__obfuscated.elf)
                0x0000000000005074                sym_4OWM6DBJ6JLAWH2MVU52MKC56VOOJLN34T33LQA
 .text          0x0000000000005080      0x230 /home/audifaz/ncs/nrfxlib/softdevice_controller/lib/cortex-m4/soft-float/libsoftdevice_controller_s132.a(libsoftdevice_controller_s132_debug_soft__obfuscated.elf)
                0x0000000000005080                sym_SQINY6V2VHFAHM5HL3H753H3QE3VQ7FWHCIJ57Q
 .text          0x00000000000052b0      0x12c /home/audifaz/ncs/nrfxlib/softdevice_controller/lib/cortex-m4/soft-float/libsoftdevice_controller_s132.a(libsoftdevice_controller_s132_debug_soft__obfuscated.elf)
                0x00000000000052b0                sym_P6ESEOOF3E3ZRYNBCJWJZXMT4EPJJMHF472YBMQ
 .text          0x00000000000053dc       0x10 /home/audifaz/ncs/nrfxlib/softdevice_controller/lib/cortex-m4/soft-float/libsoftdevice_controller_s132.a(libsoftdevice_controller_s132_debug_soft__obfuscated.elf)
                0x00000000000053dc                sym_CZFK26FRDZ53FUV75DOIMFWVD4RTHYB6I22U4LA
 .text          0x00000000000053ec       0x4c /home/audifaz/ncs/nrfxlib/softdevice_controller/lib/cortex-m4/soft-float/libsoftdevice_controller_s132.a(libsoftdevice_controller_s132_debug_soft__obfuscated.elf)
                0x00000000000053ec                sym_WCN6C6ROB2XGQKTGXN5OMY5TLRX5IYOWNO7A6PQ
 .text          0x0000000000005438       0xa8 /home/audifaz/ncs/nrfxlib/softdevice_controller/lib/cortex-m4/soft-float/libsoftdevice_controller_s132.a(libsoftdevice_controller_s132_debug_soft__obfuscated.elf)
 .text          0x00000000000054e0      0x2b4 /home/audifaz/ncs/nrfxlib/softdevice_controller/lib/cortex-m4/soft-float/libsoftdevice_controller_s132.a(libsoftdevice_controller_s132_debug_soft__obfuscated.elf)
 .text          0x0000000000005794       0xa4 /home/audifaz/ncs/nrfxlib/softdevice_controller/lib/cortex-m4/soft-float/libsoftdevice_controller_s132.a(libsoftdevice_controller_s132_debug_soft__obfuscated.elf)
 .text          0x0000000000005838       0x78 /home/audifaz/ncs/nrfxlib/softdevice_controller/lib/cortex-m4/soft-float/libsoftdevice_controller_s132.a(libsoftdevice_controller_s132_debug_soft__obfuscated.elf)
 .text          0x00000000000058b0       0x2c /home/audifaz/ncs/nrfxlib/softdevice_controller/lib/cortex-m4/soft-float/libsoftdevice_controller_s132.a(libsoftdevice_controller_s132_debug_soft__obfuscated.elf)
 .text          0x00000000000058dc       0x14 /home/audifaz/ncs/nrfxlib/softdevice_controller/lib/cortex-m4/soft-float/libsoftdevice_controller_s132.a(libsoftdevice_controller_s132_debug_soft__obfuscated.elf)
 .text          0x00000000000058f0      0x11c /home/audifaz/ncs/nrfxlib/softdevice_controller/lib/cortex-m4/soft-float/libsoftdevice_controller_s132.a(libsoftdevice_controller_s132_debug_soft__obfuscated.elf)
 .text          0x0000000000005a0c      0x2cc /home/audifaz/ncs/nrfxlib/softdevice_controller/lib/cortex-m4/soft-float/libsoftdevice_controller_s132.a(libsoftdevice_controller_s132_debug_soft__obfuscated.elf)
 .text          0x0000000000005cd8       0x14 /home/audifaz/ncs/nrfxlib/softdevice_controller/lib/cortex-m4/soft-float/libsoftdevice_controller_s132.a(libsoftdevice_controller_s132_debug_soft__obfuscated.elf)
 .text          0x0000000000005cec       0x28 /home/audifaz/ncs/nrfxlib/softdevice_controller/lib/cortex-m4/soft-float/libsoftdevice_controller_s132.a(libsoftdevice_controller_s132_debug_soft__obfuscated.elf)
                0x0000000000005cec                sym_2X6ZBBHQKFJV27I6OQZLD4IRAL5JANEGA5N34WA
 .text          0x0000000000005d14        0x8 /home/audifaz/ncs/nrfxlib/softdevice_controller/lib/cortex-m4/soft-float/libsoftdevice_controller_s132.a(libsoftdevice_controller_s132_debug_soft__obfuscated.elf)
                0x0000000000005d14                sym_3Q2UQ65DVTXA3EZPN34QXGGEFSEA6HOSHLFXCMI
 .text          0x0000000000005d1c       0x18 /home/audifaz/ncs/nrfxlib/softdevice_controller/lib/cortex-m4/soft-float/libsoftdevice_controller_s132.a(libsoftdevice_controller_s132_debug_soft__obfuscated.elf)
                0x0000000000005d1c                sym_BAUTABQSJLBAZ6GNH7KOF4MJMAA6NF7CDAZNOEQ
 .text          0x0000000000005d34       0x18 /home/audifaz/ncs/nrfxlib/softdevice_controller/lib/cortex-m4/soft-float/libsoftdevice_controller_s132.a(libsoftdevice_controller_s132_debug_soft__obfuscated.elf)
                0x0000000000005d34                sym_F2LWAH27IT4H2IA7TZWGNABUCWINGT6MWXH2WIA
 .text          0x0000000000005d4c       0x1c /home/audifaz/ncs/nrfxlib/softdevice_controller/lib/cortex-m4/soft-float/libsoftdevice_controller_s132.a(libsoftdevice_controller_s132_debug_soft__obfuscated.elf)
                0x0000000000005d4c                sym_GV7ZEDU63KACGR6K3NXW7W7XARTADNTCQ3P2HLA
 .text          0x0000000000005d68       0x88 /home/audifaz/ncs/nrfxlib/softdevice_controller/lib/cortex-m4/soft-float/libsoftdevice_controller_s132.a(libsoftdevice_controller_s132_debug_soft__obfuscated.elf)
                0x0000000000005d68                sym_3DXBFDJKO3IQEXOOHBMVXVTLDDG5FSS3TKAZNFY
 .text          0x0000000000005df0       0x18 /home/audifaz/ncs/nrfxlib/softdevice_controller/lib/cortex-m4/soft-float/libsoftdevice_controller_s132.a(libsoftdevice_controller_s132_debug_soft__obfuscated.elf)
                0x0000000000005df0                sym_PLOW4TMGVQT52FP2ERNRL6S5EELE2YO563WRPJA
 .text          0x0000000000005e08       0x34 /home/audifaz/ncs/nrfxlib/softdevice_controller/lib/cortex-m4/soft-float/libsoftdevice_controller_s132.a(libsoftdevice_controller_s132_debug_soft__obfuscated.elf)
                0x0000000000005e08                sym_62DUXM4M5AM4URNPP7IKDX3NCPAODBT4BMADGAY
 .text          0x0000000000005e3c        0xc /home/audifaz/ncs/nrfxlib/softdevice_controller/lib/cortex-m4/soft-float/libsoftdevice_controller_s132.a(libsoftdevice_controller_s132_debug_soft__obfuscated.elf)
                0x0000000000005e3c                sym_R5RFYNEZN3LQHKUKJDN3JLSNHLY4DPKXW3KZMYA
 .text          0x0000000000005e48        0xc /home/audifaz/ncs/nrfxlib/softdevice_controller/lib/cortex-m4/soft-float/libsoftdevice_controller_s132.a(libsoftdevice_controller_s132_debug_soft__obfuscated.elf)
                0x0000000000005e48                sym_WHSZ4VQHSDNZTVWJWAYGMNU7AWSUZKLKTBUNDPY
 .text          0x0000000000005e54       0x34 /home/audifaz/ncs/nrfxlib/softdevice_controller/lib/cortex-m4/soft-float/libsoftdevice_controller_s132.a(libsoftdevice_controller_s132_debug_soft__obfuscated.elf)
                0x0000000000005e54                sym_YAOI5BW7G2C6EUUY2B4S7A3CWX63A6MP2T3O5KA
 .text          0x0000000000005e88       0x24 /home/audifaz/ncs/nrfxlib/softdevice_controller/lib/cortex-m4/soft-float/libsoftdevice_controller_s132.a(libsoftdevice_controller_s132_debug_soft__obfuscated.elf)
                0x0000000000005e88                sym_IJTA37LCLZMYZVQ3I74HRUK4JDZEZR23VU3JFJI
 .text          0x0000000000005eac       0x3c /home/audifaz/ncs/nrfxlib/softdevice_controller/lib/cortex-m4/soft-float/libsoftdevice_controller_s132.a(libsoftdevice_controller_s132_debug_soft__obfuscated.elf)
                0x0000000000005eac                sym_QW6JOH7RCJIC2YFNJEURX5QNB5EIQT646EHIWEA
 .text          0x0000000000005ee8       0xcc /home/audifaz/ncs/nrfxlib/softdevice_controller/lib/cortex-m4/soft-float/libsoftdevice_controller_s132.a(libsoftdevice_controller_s132_debug_soft__obfuscated.elf)
                0x0000000000005ee8                sym_Z3745JZ5MC4MMBP2LFCOSP7OKPPVFDOPIURJWVQ
 .text          0x0000000000005fb4      0x13c /home/audifaz/ncs/nrfxlib/softdevice_controller/lib/cortex-m4/soft-float/libsoftdevice_controller_s132.a(libsoftdevice_controller_s132_debug_soft__obfuscated.elf)
                0x0000000000005fb4                sym_FLX2PIIVHO3CLB5CJ7E7YSNFE2YWATNH27BL53A
 .text          0x00000000000060f0       0x40 /home/audifaz/ncs/nrfxlib/softdevice_controller/lib/cortex-m4/soft-float/libsoftdevice_controller_s132.a(libsoftdevice_controller_s132_debug_soft__obfuscated.elf)
                0x00000000000060f0                sym_G6YVAU2J75AOT237PVQAC5AEQMWPZ6OKE6ASZAI
 .text          0x0000000000006130        0xc /home/audifaz/ncs/nrfxlib/softdevice_controller/lib/cortex-m4/soft-float/libsoftdevice_controller_s132.a(libsoftdevice_controller_s132_debug_soft__obfuscated.elf)
                0x0000000000006130                sym_RHRHCWPUPZHCOID576WBS7QZ2KAUT2GASS2T3QY
 .text          0x000000000000613c       0x1c /home/audifaz/ncs/nrfxlib/softdevice_controller/lib/cortex-m4/soft-float/libsoftdevice_controller_s132.a(libsoftdevice_controller_s132_debug_soft__obfuscated.elf)
                0x000000000000613c                sym_62B4NCI2CQZLPPINCQVCHO6SYLZVDAWVVCHWS3I
 .text          0x0000000000006158       0x20 /home/audifaz/ncs/nrfxlib/softdevice_controller/lib/cortex-m4/soft-float/libsoftdevice_controller_s132.a(libsoftdevice_controller_s132_debug_soft__obfuscated.elf)
                0x0000000000006158                sym_QEQGMTIGG3AOZQY7JM4T2FY2O3KM2UFUMT6Q7PI
 .text          0x0000000000006178       0x78 /home/audifaz/ncs/nrfxlib/softdevice_controller/lib/cortex-m4/soft-float/libsoftdevice_controller_s132.a(libsoftdevice_controller_s132_debug_soft__obfuscated.elf)
                0x0000000000006178                sym_GHVM34OXBYILMDKR3F5DVNCQCBMJUJL5PW2RQYQ
 .text          0x00000000000061f0        0xc /home/audifaz/ncs/nrfxlib/softdevice_controller/lib/cortex-m4/soft-float/libsoftdevice_controller_s132.a(libsoftdevice_controller_s132_debug_soft__obfuscated.elf)
                0x00000000000061f0                sym_JQOBED6Y6P46KNYF2UD53QPDVNRPPOKMQL6EEBY
 .text          0x00000000000061fc       0xb8 /home/audifaz/ncs/nrfxlib/softdevice_controller/lib/cortex-m4/soft-float/libsoftdevice_controller_s132.a(libsoftdevice_controller_s132_debug_soft__obfuscated.elf)
                0x00000000000061fc                sym_KO3VCNGABVWM4325342CFFPZBSXFKFARUCMURAY
 .text          0x00000000000062b4       0xa4 /home/audifaz/ncs/nrfxlib/softdevice_controller/lib/cortex-m4/soft-float/libsoftdevice_controller_s132.a(libsoftdevice_controller_s132_debug_soft__obfuscated.elf)
                0x00000000000062b4                sym_NCQ5WTBCV7DGPK3QI3SSY5XGKOI2SE3XFCTKQKY
 .text          0x0000000000006358       0x48 /home/audifaz/ncs/nrfxlib/softdevice_controller/lib/cortex-m4/soft-float/libsoftdevice_controller_s132.a(libsoftdevice_controller_s132_debug_soft__obfuscated.elf)
 .text          0x00000000000063a0      0x12c /home/audifaz/ncs/nrfxlib/softdevice_controller/lib/cortex-m4/soft-float/libsoftdevice_controller_s132.a(libsoftdevice_controller_s132_debug_soft__obfuscated.elf)
 .text          0x00000000000064cc       0x9c /home/audifaz/ncs/nrfxlib/softdevice_controller/lib/cortex-m4/soft-float/libsoftdevice_controller_s132.a(libsoftdevice_controller_s132_debug_soft__obfuscated.elf)
 .text          0x0000000000006568       0x82 /home/audifaz/ncs/nrfxlib/softdevice_controller/lib/cortex-m4/soft-float/libsoftdevice_controller_s132.a(libsoftdevice_controller_s132_debug_soft__obfuscated.elf)
                0x0000000000006568                sym_L64WJ6W52HQBFQCTPO5LHELOWQEJNMIWLQKG6JY
 *fill*         0x00000000000065ea        0x2 
 .text          0x00000000000065ec      0x1e0 /home/audifaz/ncs/nrfxlib/softdevice_controller/lib/cortex-m4/soft-float/libsoftdevice_controller_s132.a(libsoftdevice_controller_s132_debug_soft__obfuscated.elf)
                0x00000000000065ec                sym_LC3ZEWHKON2ISXS533OVI5553RH2RKHRICHPDVA
 .text          0x00000000000067cc      0x1b8 /home/audifaz/ncs/nrfxlib/softdevice_controller/lib/cortex-m4/soft-float/libsoftdevice_controller_s132.a(libsoftdevice_controller_s132_debug_soft__obfuscated.elf)
                0x00000000000067cc                sym_4NT3PFFI5Z6RN57T2HW54HJZ23JEQUTUQPJLJGI
 .text          0x0000000000006984       0x34 /home/audifaz/ncs/nrfxlib/softdevice_controller/lib/cortex-m4/soft-float/libsoftdevice_controller_s132.a(libsoftdevice_controller_s132_debug_soft__obfuscated.elf)
                0x0000000000006984                sym_C5MZWIO7BXLJIO65K7CGSHP3SLST2VORSHVBOVI
 .text          0x00000000000069b8       0x1c /home/audifaz/ncs/nrfxlib/softdevice_controller/lib/cortex-m4/soft-float/libsoftdevice_controller_s132.a(libsoftdevice_controller_s132_debug_soft__obfuscated.elf)
                0x00000000000069b8                sym_HEY3ASR5MAPRZMQHCLX76ITJZYOQ2OWWQGFPKUQ
 .text          0x00000000000069d4       0x1c /home/audifaz/ncs/nrfxlib/softdevice_controller/lib/cortex-m4/soft-float/libsoftdevice_controller_s132.a(libsoftdevice_controller_s132_debug_soft__obfuscated.elf)
                0x00000000000069d4                sym_ODIQTAIRDNRDYKCNA6G2YSI7F2EB2RNBBTF6MBQ
 .text          0x00000000000069f0       0x48 /home/audifaz/ncs/nrfxlib/softdevice_controller/lib/cortex-m4/soft-float/libsoftdevice_controller_s132.a(libsoftdevice_controller_s132_debug_soft__obfuscated.elf)
                0x00000000000069f0                sym_35JWAFJL2IEYRDNORVIQ7BBAS7FQNUVOFCLQNSQ
 .text          0x0000000000006a38       0x70 /home/audifaz/ncs/nrfxlib/softdevice_controller/lib/cortex-m4/soft-float/libsoftdevice_controller_s132.a(libsoftdevice_controller_s132_debug_soft__obfuscated.elf)
 .text          0x0000000000006aa8       0xbe /home/audifaz/ncs/nrfxlib/softdevice_controller/lib/cortex-m4/soft-float/libsoftdevice_controller_s132.a(libsoftdevice_controller_s132_debug_soft__obfuscated.elf)
 *fill*         0x0000000000006b66        0x2 
 .text          0x0000000000006b68       0x20 /home/audifaz/ncs/nrfxlib/softdevice_controller/lib/cortex-m4/soft-float/libsoftdevice_controller_s132.a(libsoftdevice_controller_s132_debug_soft__obfuscated.elf)
                0x0000000000006b68                sym_AQNKAYNIT4GTGTVAKOZJZSWZBN4I6FFKO6L5AXA
 .text          0x0000000000006b88       0x3c /home/audifaz/ncs/nrfxlib/softdevice_controller/lib/cortex-m4/soft-float/libsoftdevice_controller_s132.a(libsoftdevice_controller_s132_debug_soft__obfuscated.elf)
                0x0000000000006b88                sym_OIELJZXQUH4XDAK7XBXBJX4CE2IIXWLOTEZEOSI
 .text          0x0000000000006bc4       0x28 /home/audifaz/ncs/nrfxlib/softdevice_controller/lib/cortex-m4/soft-float/libsoftdevice_controller_s132.a(libsoftdevice_controller_s132_debug_soft__obfuscated.elf)
                0x0000000000006bc4                sym_ASSU5HSD7LU7BXC2C2QNNVLB6AOHO4SQ3KK3OJY
 .text          0x0000000000006bec      0x148 /home/audifaz/ncs/nrfxlib/softdevice_controller/lib/cortex-m4/soft-float/libsoftdevice_controller_s132.a(libsoftdevice_controller_s132_debug_soft__obfuscated.elf)
                0x0000000000006bec                sym_2NLJY3RIUYXQOZYTZ6WNJA5SS4UKGFLVECP5SQA
 .text          0x0000000000006d34       0x60 /home/audifaz/ncs/nrfxlib/softdevice_controller/lib/cortex-m4/soft-float/libsoftdevice_controller_s132.a(libsoftdevice_controller_s132_debug_soft__obfuscated.elf)
                0x0000000000006d34                sym_ADAOR2PXB5YPMJS5MYFIWVIQAXMEM4PRXEVX3JI
 .text          0x0000000000006d94      0x1a8 /home/audifaz/ncs/nrfxlib/softdevice_controller/lib/cortex-m4/soft-float/libsoftdevice_controller_s132.a(libsoftdevice_controller_s132_debug_soft__obfuscated.elf)
                0x0000000000006d94                sym_FTGDIHB35XVITI7QRBPNULMZCYC2B7JJ7JXVWYA
 .text          0x0000000000006f3c      0x168 /home/audifaz/ncs/nrfxlib/softdevice_controller/lib/cortex-m4/soft-float/libsoftdevice_controller_s132.a(libsoftdevice_controller_s132_debug_soft__obfuscated.elf)
                0x0000000000006f3c                sym_BBCGHL23UJV466BYW2SHQ2OBUQH4NLFTPMY4GQA
 .text          0x00000000000070a4       0x38 /home/audifaz/ncs/nrfxlib/softdevice_controller/lib/cortex-m4/soft-float/libsoftdevice_controller_s132.a(libsoftdevice_controller_s132_debug_soft__obfuscated.elf)
                0x00000000000070a4                sym_ZUFGUNQKQRINYDDQ2AFT3BJLR3IFVV6WJFPT3PA
 .text          0x00000000000070dc       0xcc /home/audifaz/ncs/nrfxlib/softdevice_controller/lib/cortex-m4/soft-float/libsoftdevice_controller_s132.a(libsoftdevice_controller_s132_debug_soft__obfuscated.elf)
 .text          0x00000000000071a8      0x194 /home/audifaz/ncs/nrfxlib/softdevice_controller/lib/cortex-m4/soft-float/libsoftdevice_controller_s132.a(libsoftdevice_controller_s132_debug_soft__obfuscated.elf)
 .text          0x000000000000733c       0x54 /home/audifaz/ncs/nrfxlib/softdevice_controller/lib/cortex-m4/soft-float/libsoftdevice_controller_s132.a(libsoftdevice_controller_s132_debug_soft__obfuscated.elf)
                0x000000000000733c                sym_NFQK2HO6DBYRYVUCFLRI766EKAAKCM57FJRRS5Y
 .text          0x0000000000007390      0x180 /home/audifaz/ncs/nrfxlib/softdevice_controller/lib/cortex-m4/soft-float/libsoftdevice_controller_s132.a(libsoftdevice_controller_s132_debug_soft__obfuscated.elf)
                0x0000000000007390                sym_JIJASGQH4XEEPZL7D35VQHVPKKLANGDBS2M46NQ
 .text          0x0000000000007510       0x18 /home/audifaz/ncs/nrfxlib/softdevice_controller/lib/cortex-m4/soft-float/libsoftdevice_controller_s132.a(libsoftdevice_controller_s132_debug_soft__obfuscated.elf)
                0x0000000000007510                sym_LH2VB7IMRXMGTCCJDOMH7JXYZ5MZLQ2OSANOJDA
 .text          0x0000000000007528       0x34 /home/audifaz/ncs/nrfxlib/softdevice_controller/lib/cortex-m4/soft-float/libsoftdevice_controller_s132.a(libsoftdevice_controller_s132_debug_soft__obfuscated.elf)
                0x0000000000007528                sym_U7WTPI24N35WTMGPC25KDS7Q3PHHHS7M5KI6IPY
 .text          0x000000000000755c      0x114 /home/audifaz/ncs/nrfxlib/softdevice_controller/lib/cortex-m4/soft-float/libsoftdevice_controller_s132.a(libsoftdevice_controller_s132_debug_soft__obfuscated.elf)
                0x000000000000755c                sym_J4NWMRMCG7RYO342PTMJRJ2HQEKT7SCETMBVQDA
 .text          0x0000000000007670        0xc /home/audifaz/ncs/nrfxlib/softdevice_controller/lib/cortex-m4/soft-float/libsoftdevice_controller_s132.a(libsoftdevice_controller_s132_debug_soft__obfuscated.elf)
                0x0000000000007670                sym_RYQA5YFFRJZLTYB2ISC2Y3WUY3XB3LBBL37F22Q
 .text          0x000000000000767c       0x44 /home/audifaz/ncs/nrfxlib/softdevice_controller/lib/cortex-m4/soft-float/libsoftdevice_controller_s132.a(libsoftdevice_controller_s132_debug_soft__obfuscated.elf)
                0x000000000000767c                sym_GNUIHYMK3THJZQYGL7BBI74HDMHN6SBQQRVNSAY
 .text          0x00000000000076c0       0x3c /home/audifaz/ncs/nrfxlib/softdevice_controller/lib/cortex-m4/soft-float/libsoftdevice_controller_s132.a(libsoftdevice_controller_s132_debug_soft__obfuscated.elf)
                0x00000000000076c0                sym_3NMQXTBVJ27TN5IIVET3BSKEAUONNKTPZTYP2HY
 .text          0x00000000000076fc       0x18 /home/audifaz/ncs/nrfxlib/softdevice_controller/lib/cortex-m4/soft-float/libsoftdevice_controller_s132.a(libsoftdevice_controller_s132_debug_soft__obfuscated.elf)
                0x00000000000076fc                sym_DG6VHZEFRVR44ESTRZM42ZEBJG4KXT7IVJESA4Y
 .text          0x0000000000007714      0x160 /home/audifaz/ncs/nrfxlib/softdevice_controller/lib/cortex-m4/soft-float/libsoftdevice_controller_s132.a(libsoftdevice_controller_s132_debug_soft__obfuscated.elf)
                0x0000000000007714                sym_L2IWXNCKXJIQJRTEIIW7HGFEPJAQM34TKD2GOIA
 .text          0x0000000000007874       0x7c /home/audifaz/ncs/nrfxlib/softdevice_controller/lib/cortex-m4/soft-float/libsoftdevice_controller_s132.a(libsoftdevice_controller_s132_debug_soft__obfuscated.elf)
                0x0000000000007874                sym_KC3JIKE7HTERE3Q3BXMRUIDPAENUZKVBIDO6ODY
 .text          0x00000000000078f0       0x24 /home/audifaz/ncs/nrfxlib/softdevice_controller/lib/cortex-m4/soft-float/libsoftdevice_controller_s132.a(libsoftdevice_controller_s132_debug_soft__obfuscated.elf)
                0x00000000000078f0                sym_JWG2K5Z2IDS7IGZ34EUMCNHIOV34425FH263YQQ
 .text          0x0000000000007914       0x24 /home/audifaz/ncs/nrfxlib/softdevice_controller/lib/cortex-m4/soft-float/libsoftdevice_controller_s132.a(libsoftdevice_controller_s132_debug_soft__obfuscated.elf)
                0x0000000000007914                sym_M7OTIJAFMGS6XNOB3KIKP2PSIWVW5IRGENKBGTA
 .text          0x0000000000007938       0x10 /home/audifaz/ncs/nrfxlib/softdevice_controller/lib/cortex-m4/soft-float/libsoftdevice_controller_s132.a(libsoftdevice_controller_s132_debug_soft__obfuscated.elf)
                0x0000000000007938                sym_TPWVJBQKX2TXZDZ4IZ6XDJYVEDFBPIX3TMZMRCQ
 .text          0x0000000000007948       0x10 /home/audifaz/ncs/nrfxlib/softdevice_controller/lib/cortex-m4/soft-float/libsoftdevice_controller_s132.a(libsoftdevice_controller_s132_debug_soft__obfuscated.elf)
                0x0000000000007948                sym_UEZ3FVWFJ5XVLQBVVAHW7UTXVCC77F7ZYGOMLTQ
 .text          0x0000000000007958       0x14 /home/audifaz/ncs/nrfxlib/softdevice_controller/lib/cortex-m4/soft-float/libsoftdevice_controller_s132.a(libsoftdevice_controller_s132_debug_soft__obfuscated.elf)
                0x0000000000007958                sym_4BHBBQGG3Z4AATH4MTZL2WFYY6WPEFHF75U64WQ
 .text          0x000000000000796c       0x10 /home/audifaz/ncs/nrfxlib/softdevice_controller/lib/cortex-m4/soft-float/libsoftdevice_controller_s132.a(libsoftdevice_controller_s132_debug_soft__obfuscated.elf)
                0x000000000000796c                sym_XRU76NANM3C4EMKWQU3DF6CELSRNDV6766IKPJI
 .text          0x000000000000797c       0x10 /home/audifaz/ncs/nrfxlib/softdevice_controller/lib/cortex-m4/soft-float/libsoftdevice_controller_s132.a(libsoftdevice_controller_s132_debug_soft__obfuscated.elf)
                0x000000000000797c                sym_BDDELQSYWHVCCHSF6HGFFAORZOC56R54KIF45KY
 .text          0x000000000000798c       0x10 /home/audifaz/ncs/nrfxlib/softdevice_controller/lib/cortex-m4/soft-float/libsoftdevice_controller_s132.a(libsoftdevice_controller_s132_debug_soft__obfuscated.elf)
                0x000000000000798c                sym_NGJGZTNK6YIH3QX2NKB6A6MT7N5AOKWA6ZOOANQ
 .text          0x000000000000799c       0x10 /home/audifaz/ncs/nrfxlib/softdevice_controller/lib/cortex-m4/soft-float/libsoftdevice_controller_s132.a(libsoftdevice_controller_s132_debug_soft__obfuscated.elf)
                0x000000000000799c                sym_BPVIPCP3IMFHHNRASYWRUQPTOXIXQGWP3DTKXWI
 .text          0x00000000000079ac        0xc /home/audifaz/ncs/nrfxlib/softdevice_controller/lib/cortex-m4/soft-float/libsoftdevice_controller_s132.a(libsoftdevice_controller_s132_debug_soft__obfuscated.elf)
                0x00000000000079ac                sym_L5UCRJFFWEVVII5IYG6PAKIQHXM34B62KO6ERPY
 .text          0x00000000000079b8       0x14 /home/audifaz/ncs/nrfxlib/softdevice_controller/lib/cortex-m4/soft-float/libsoftdevice_controller_s132.a(libsoftdevice_controller_s132_debug_soft__obfuscated.elf)
                0x00000000000079b8                sym_WGJLFS2PDN6RZG7JWUITZ3W5MGJYYXFXIKI3GGQ
 .text          0x00000000000079cc        0xc /home/audifaz/ncs/nrfxlib/softdevice_controller/lib/cortex-m4/soft-float/libsoftdevice_controller_s132.a(libsoftdevice_controller_s132_debug_soft__obfuscated.elf)
                0x00000000000079cc                sym_PY5KUATPBYOYJBMP6H7AVRPSEO7BZX2JK524O6A
 .text          0x00000000000079d8       0x64 /home/audifaz/ncs/nrfxlib/softdevice_controller/lib/cortex-m4/soft-float/libsoftdevice_controller_s132.a(libsoftdevice_controller_s132_debug_soft__obfuscated.elf)
                0x00000000000079d8                sym_4WIY2RAFLOZNOS4O5BEVWEYHIO3NV42IZ2Q2NWQ
 .text          0x0000000000007a3c        0xc /home/audifaz/ncs/nrfxlib/softdevice_controller/lib/cortex-m4/soft-float/libsoftdevice_controller_s132.a(libsoftdevice_controller_s132_debug_soft__obfuscated.elf)
                0x0000000000007a3c                sym_2T6B57C7Z3NDT5ASKUJUGCCL3DBEO2AO4XX23BI
 .text          0x0000000000007a48        0xc /home/audifaz/ncs/nrfxlib/softdevice_controller/lib/cortex-m4/soft-float/libsoftdevice_controller_s132.a(libsoftdevice_controller_s132_debug_soft__obfuscated.elf)
                0x0000000000007a48                sym_4HDCBJCT2JOHNORERPDEH2A3V47FOX6NCTAKLUA
 .text          0x0000000000007a54        0xc /home/audifaz/ncs/nrfxlib/softdevice_controller/lib/cortex-m4/soft-float/libsoftdevice_controller_s132.a(libsoftdevice_controller_s132_debug_soft__obfuscated.elf)
                0x0000000000007a54                sym_4FKJZF4AXR7RHM7IPPZMVUWU7W6MFHLX726TPNY
 .text          0x0000000000007a60       0x1c /home/audifaz/ncs/nrfxlib/softdevice_controller/lib/cortex-m4/soft-float/libsoftdevice_controller_s132.a(libsoftdevice_controller_s132_debug_soft__obfuscated.elf)
                0x0000000000007a60                sym_DZ4VHVOVANVDVX7ECCNFNRACUFPY2WIUPGGZ27Y
 .text          0x0000000000007a7c       0x1c /home/audifaz/ncs/nrfxlib/softdevice_controller/lib/cortex-m4/soft-float/libsoftdevice_controller_s132.a(libsoftdevice_controller_s132_debug_soft__obfuscated.elf)
                0x0000000000007a7c                sym_VD45NAZNLOGGVVD5JTOGXKZNINHWZNPETQGEFXA
 .text          0x0000000000007a98       0x1c /home/audifaz/ncs/nrfxlib/softdevice_controller/lib/cortex-m4/soft-float/libsoftdevice_controller_s132.a(libsoftdevice_controller_s132_debug_soft__obfuscated.elf)
                0x0000000000007a98                sym_ID5SI2L6AD3KMSDR72YSJZGVIA6DEYQZU7WJI3I
 .text          0x0000000000007ab4        0xc /home/audifaz/ncs/nrfxlib/softdevice_controller/lib/cortex-m4/soft-float/libsoftdevice_controller_s132.a(libsoftdevice_controller_s132_debug_soft__obfuscated.elf)
                0x0000000000007ab4                sym_WAXMY55QAGCTLTIDQV34FPT2PPSDRT5VDN7EYYY
 .text          0x0000000000007ac0       0x20 /home/audifaz/ncs/nrfxlib/softdevice_controller/lib/cortex-m4/soft-float/libsoftdevice_controller_s132.a(libsoftdevice_controller_s132_debug_soft__obfuscated.elf)
                0x0000000000007ac0                sym_I72BLVRK23UDT6KM4GEW6EVDLN4L7QB2CLD4CMY
 .text          0x0000000000007ae0       0x4c /home/audifaz/ncs/nrfxlib/softdevice_controller/lib/cortex-m4/soft-float/libsoftdevice_controller_s132.a(libsoftdevice_controller_s132_debug_soft__obfuscated.elf)
                0x0000000000007ae0                sym_RPDYS5TXULS3Z2BQR7IFNSOINXPPN4LN764SRIY
 .text          0x0000000000007b2c       0x10 /home/audifaz/ncs/nrfxlib/softdevice_controller/lib/cortex-m4/soft-float/libsoftdevice_controller_s132.a(libsoftdevice_controller_s132_debug_soft__obfuscated.elf)
                0x0000000000007b2c                sym_H6NC6L6VJY74V6C72Y6E5P4HGSZIVJQXMUOQZ5Y
 .text          0x0000000000007b3c      0x1b0 /home/audifaz/ncs/nrfxlib/softdevice_controller/lib/cortex-m4/soft-float/libsoftdevice_controller_s132.a(libsoftdevice_controller_s132_debug_soft__obfuscated.elf)
 .text          0x0000000000007cec      0x108 /home/audifaz/ncs/nrfxlib/softdevice_controller/lib/cortex-m4/soft-float/libsoftdevice_controller_s132.a(libsoftdevice_controller_s132_debug_soft__obfuscated.elf)
 .text          0x0000000000007df4       0xfc /home/audifaz/ncs/nrfxlib/softdevice_controller/lib/cortex-m4/soft-float/libsoftdevice_controller_s132.a(libsoftdevice_controller_s132_debug_soft__obfuscated.elf)
 .text          0x0000000000007ef0       0x3c /home/audifaz/ncs/nrfxlib/softdevice_controller/lib/cortex-m4/soft-float/libsoftdevice_controller_s132.a(libsoftdevice_controller_s132_debug_soft__obfuscated.elf)
 .text          0x0000000000007f2c       0x74 /home/audifaz/ncs/nrfxlib/softdevice_controller/lib/cortex-m4/soft-float/libsoftdevice_controller_s132.a(libsoftdevice_controller_s132_debug_soft__obfuscated.elf)
 .text          0x0000000000007fa0       0x88 /home/audifaz/ncs/nrfxlib/softdevice_controller/lib/cortex-m4/soft-float/libsoftdevice_controller_s132.a(libsoftdevice_controller_s132_debug_soft__obfuscated.elf)
 .text          0x0000000000008028      0x2a8 /home/audifaz/ncs/nrfxlib/softdevice_controller/lib/cortex-m4/soft-float/libsoftdevice_controller_s132.a(libsoftdevice_controller_s132_debug_soft__obfuscated.elf)
                0x0000000000008028                sym_KBJ4SX4MJK4IAM4DI3ILSISVXIP6O72O62TW3OQ
 .text          0x00000000000082d0       0x78 /home/audifaz/ncs/nrfxlib/softdevice_controller/lib/cortex-m4/soft-float/libsoftdevice_controller_s132.a(libsoftdevice_controller_s132_debug_soft__obfuscated.elf)
 .text          0x0000000000008348       0x74 /home/audifaz/ncs/nrfxlib/softdevice_controller/lib/cortex-m4/soft-float/libsoftdevice_controller_s132.a(libsoftdevice_controller_s132_debug_soft__obfuscated.elf)
 .text          0x00000000000083bc      0x120 /home/audifaz/ncs/nrfxlib/softdevice_controller/lib/cortex-m4/soft-float/libsoftdevice_controller_s132.a(libsoftdevice_controller_s132_debug_soft__obfuscated.elf)
 .text          0x00000000000084dc      0x33c /home/audifaz/ncs/nrfxlib/softdevice_controller/lib/cortex-m4/soft-float/libsoftdevice_controller_s132.a(libsoftdevice_controller_s132_debug_soft__obfuscated.elf)
 .text          0x0000000000008818       0x7c /home/audifaz/ncs/nrfxlib/softdevice_controller/lib/cortex-m4/soft-float/libsoftdevice_controller_s132.a(libsoftdevice_controller_s132_debug_soft__obfuscated.elf)
 .text          0x0000000000008894       0xf8 /home/audifaz/ncs/nrfxlib/softdevice_controller/lib/cortex-m4/soft-float/libsoftdevice_controller_s132.a(libsoftdevice_controller_s132_debug_soft__obfuscated.elf)
 .text          0x000000000000898c      0x15c /home/audifaz/ncs/nrfxlib/softdevice_controller/lib/cortex-m4/soft-float/libsoftdevice_controller_s132.a(libsoftdevice_controller_s132_debug_soft__obfuscated.elf)
 .text          0x0000000000008ae8       0xf8 /home/audifaz/ncs/nrfxlib/softdevice_controller/lib/cortex-m4/soft-float/libsoftdevice_controller_s132.a(libsoftdevice_controller_s132_debug_soft__obfuscated.elf)
 .text          0x0000000000008be0       0x20 /home/audifaz/ncs/nrfxlib/softdevice_controller/lib/cortex-m4/soft-float/libsoftdevice_controller_s132.a(libsoftdevice_controller_s132_debug_soft__obfuscated.elf)
 .text          0x0000000000008c00        0x4 /home/audifaz/ncs/nrfxlib/softdevice_controller/lib/cortex-m4/soft-float/libsoftdevice_controller_s132.a(libsoftdevice_controller_s132_debug_soft__obfuscated.elf)
 .text          0x0000000000008c04        0x8 /home/audifaz/ncs/nrfxlib/softdevice_controller/lib/cortex-m4/soft-float/libsoftdevice_controller_s132.a(libsoftdevice_controller_s132_debug_soft__obfuscated.elf)
 .text          0x0000000000008c0c        0x4 /home/audifaz/ncs/nrfxlib/softdevice_controller/lib/cortex-m4/soft-float/libsoftdevice_controller_s132.a(libsoftdevice_controller_s132_debug_soft__obfuscated.elf)
 .text          0x0000000000008c10       0x18 /home/audifaz/ncs/nrfxlib/softdevice_controller/lib/cortex-m4/soft-float/libsoftdevice_controller_s132.a(libsoftdevice_controller_s132_debug_soft__obfuscated.elf)
 .text          0x0000000000008c28       0x4c /home/audifaz/ncs/nrfxlib/softdevice_controller/lib/cortex-m4/soft-float/libsoftdevice_controller_s132.a(libsoftdevice_controller_s132_debug_soft__obfuscated.elf)
                0x0000000000008c28                sym_6FVWF5AWPR7EN7BPHS4APSIUXYFZQTTZCMRDKPY
 .text          0x0000000000008c74       0x64 /home/audifaz/ncs/nrfxlib/softdevice_controller/lib/cortex-m4/soft-float/libsoftdevice_controller_s132.a(libsoftdevice_controller_s132_debug_soft__obfuscated.elf)
                0x0000000000008c74                sym_CWVFJQ3UTS5MGUYKHB563UDBBB3FBCXUIVZDU2I
 .text          0x0000000000008cd8       0x70 /home/audifaz/ncs/nrfxlib/softdevice_controller/lib/cortex-m4/soft-float/libsoftdevice_controller_s132.a(libsoftdevice_controller_s132_debug_soft__obfuscated.elf)
                0x0000000000008cd8                sym_3ZNIOFG7XMX7YS4WHN4QVNG3AVWN2QVSTHUWDXQ
 .text          0x0000000000008d48       0xa0 /home/audifaz/ncs/nrfxlib/softdevice_controller/lib/cortex-m4/soft-float/libsoftdevice_controller_s132.a(libsoftdevice_controller_s132_debug_soft__obfuscated.elf)
                0x0000000000008d48                sym_FY3JF6XBXLAG22E42UPFUU55A3QFAFZDUGSPAPY
 .text          0x0000000000008de8      0x130 /home/audifaz/ncs/nrfxlib/softdevice_controller/lib/cortex-m4/soft-float/libsoftdevice_controller_s132.a(libsoftdevice_controller_s132_debug_soft__obfuscated.elf)
                0x0000000000008de8                sym_5AXOP4FMWSDQG27BL6BIS5GAVXQZMPGL37SAGQA
 .text          0x0000000000008f18       0x4c /home/audifaz/ncs/nrfxlib/softdevice_controller/lib/cortex-m4/soft-float/libsoftdevice_controller_s132.a(libsoftdevice_controller_s132_debug_soft__obfuscated.elf)
                0x0000000000008f18                sym_IWCITVPPUY332JRWMVJAKISCC47TLWX26E2MXOI
 .text          0x0000000000008f64        0xc /home/audifaz/ncs/nrfxlib/softdevice_controller/lib/cortex-m4/soft-float/libsoftdevice_controller_s132.a(libsoftdevice_controller_s132_debug_soft__obfuscated.elf)
                0x0000000000008f64                sym_WI2RDLNIWKOV64CKFZ2EF2DRND265I3CYCBNK6A
 .text          0x0000000000008f70       0x10 /home/audifaz/ncs/nrfxlib/softdevice_controller/lib/cortex-m4/soft-float/libsoftdevice_controller_s132.a(libsoftdevice_controller_s132_debug_soft__obfuscated.elf)
                0x0000000000008f70                sym_GWLFBYMUVMRXAWJAYXMEGM7D57QYGUJF3J77TCA
 .text          0x0000000000008f80       0x24 /home/audifaz/ncs/nrfxlib/softdevice_controller/lib/cortex-m4/soft-float/libsoftdevice_controller_s132.a(libsoftdevice_controller_s132_debug_soft__obfuscated.elf)
                0x0000000000008f80                sym_2MTQAETLPZUE4ZJFGJBDUADTDDEDQL67CNLDYRY
 .text          0x0000000000008fa4      0x104 /home/audifaz/ncs/nrfxlib/softdevice_controller/lib/cortex-m4/soft-float/libsoftdevice_controller_s132.a(libsoftdevice_controller_s132_debug_soft__obfuscated.elf)
                0x0000000000008fa4                sym_6PZGCXLPPNIPYHSAJRHQXJCKUI2SGZWI2B4DQZA
 .text          0x00000000000090a8       0x20 /home/audifaz/ncs/nrfxlib/softdevice_controller/lib/cortex-m4/soft-float/libsoftdevice_controller_s132.a(libsoftdevice_controller_s132_debug_soft__obfuscated.elf)
                0x00000000000090a8                sym_6LWBEVS5N6UBFJ6K5O4DUS3F7KTJBABC35DWXIY
 .text          0x00000000000090c8       0x1c /home/audifaz/ncs/nrfxlib/softdevice_controller/lib/cortex-m4/soft-float/libsoftdevice_controller_s132.a(libsoftdevice_controller_s132_debug_soft__obfuscated.elf)
                0x00000000000090c8                sym_7XLJMDJLN3HFZ62N4AZADQFCXDQ5POE6FAL5P2Q
 .text          0x00000000000090e4        0xc /home/audifaz/ncs/nrfxlib/softdevice_controller/lib/cortex-m4/soft-float/libsoftdevice_controller_s132.a(libsoftdevice_controller_s132_debug_soft__obfuscated.elf)
                0x00000000000090e4                sym_24SKLESBEZEAQ7XSDAQVJQD35IVFROKORCGBXPI
 .text          0x00000000000090f0        0xc /home/audifaz/ncs/nrfxlib/softdevice_controller/lib/cortex-m4/soft-float/libsoftdevice_controller_s132.a(libsoftdevice_controller_s132_debug_soft__obfuscated.elf)
                0x00000000000090f0                sym_WMA2OWGJYGOIIQV6R2LKF37IWYQHWWBT5LUJG6A
 .text          0x00000000000090fc       0x1c /home/audifaz/ncs/nrfxlib/softdevice_controller/lib/cortex-m4/soft-float/libsoftdevice_controller_s132.a(libsoftdevice_controller_s132_debug_soft__obfuscated.elf)
                0x00000000000090fc                sym_2XQD73Z3W4NFFHWTLZCIS7IQ3ACFNR3KKEBKCJQ
 .text          0x0000000000009118       0x58 /home/audifaz/ncs/nrfxlib/softdevice_controller/lib/cortex-m4/soft-float/libsoftdevice_controller_s132.a(libsoftdevice_controller_s132_debug_soft__obfuscated.elf)
                0x0000000000009118                sym_FQCHK2QLF7THGK7G4A4OWWNXI3K2TVYTTB4U4GY
 .text          0x0000000000009170      0x1b0 /home/audifaz/ncs/nrfxlib/softdevice_controller/lib/cortex-m4/soft-float/libsoftdevice_controller_s132.a(libsoftdevice_controller_s132_debug_soft__obfuscated.elf)
                0x0000000000009170                sym_EXAZKO22MNOFNIXIFHQ2Z4GAYMKBCE2UPJ6JSVI
 .text          0x0000000000009320       0xa0 /home/audifaz/ncs/nrfxlib/softdevice_controller/lib/cortex-m4/soft-float/libsoftdevice_controller_s132.a(libsoftdevice_controller_s132_debug_soft__obfuscated.elf)
 .text          0x00000000000093c0      0x664 /home/audifaz/ncs/nrfxlib/softdevice_controller/lib/cortex-m4/soft-float/libsoftdevice_controller_s132.a(libsoftdevice_controller_s132_debug_soft__obfuscated.elf)
 .text          0x0000000000009a24      0x446 /home/audifaz/ncs/nrfxlib/softdevice_controller/lib/cortex-m4/soft-float/libsoftdevice_controller_s132.a(libsoftdevice_controller_s132_debug_soft__obfuscated.elf)
 *fill*         0x0000000000009e6a        0x2 
 .text          0x0000000000009e6c       0x68 /home/audifaz/ncs/nrfxlib/softdevice_controller/lib/cortex-m4/soft-float/libsoftdevice_controller_s132.a(libsoftdevice_controller_s132_debug_soft__obfuscated.elf)
                0x0000000000009e6c                sym_HT64RIVISXSWFJE3LL26YHKQRTRRXKVEDBUUUOQ
 .text          0x0000000000009ed4       0x10 /home/audifaz/ncs/nrfxlib/softdevice_controller/lib/cortex-m4/soft-float/libsoftdevice_controller_s132.a(libsoftdevice_controller_s132_debug_soft__obfuscated.elf)
                0x0000000000009ed4                sym_UFX5YQMS76OVX4LZ7T6GRG5R56NF5732ZNTZZJA
 .text          0x0000000000009ee4       0x30 /home/audifaz/ncs/nrfxlib/softdevice_controller/lib/cortex-m4/soft-float/libsoftdevice_controller_s132.a(libsoftdevice_controller_s132_debug_soft__obfuscated.elf)
                0x0000000000009ee4                sym_OGXWMXSCK2QG6TOSCWHHS4PII24VSXWVJJIPCDI
 .text          0x0000000000009f14       0xe8 /home/audifaz/ncs/nrfxlib/softdevice_controller/lib/cortex-m4/soft-float/libsoftdevice_controller_s132.a(libsoftdevice_controller_s132_debug_soft__obfuscated.elf)
                0x0000000000009f14                sym_FIYSAC63N2FF462LEI76F5US34JKFTAQDSI2LXA
 .text          0x0000000000009ffc       0x30 /home/audifaz/ncs/nrfxlib/softdevice_controller/lib/cortex-m4/soft-float/libsoftdevice_controller_s132.a(libsoftdevice_controller_s132_debug_soft__obfuscated.elf)
                0x0000000000009ffc                sym_B2B7AU2WDMX5JQNGTX4YKNCWQCXQIG5PWSSOSAI
 .text          0x000000000000a02c      0x35c /home/audifaz/ncs/nrfxlib/softdevice_controller/lib/cortex-m4/soft-float/libsoftdevice_controller_s132.a(libsoftdevice_controller_s132_debug_soft__obfuscated.elf)
                0x000000000000a02c                sym_GRKUQI62F6CK2HPCZKZRWSZ3PZVCGXTWPZAIMJA
 .text          0x000000000000a388       0x10 /home/audifaz/ncs/nrfxlib/softdevice_controller/lib/cortex-m4/soft-float/libsoftdevice_controller_s132.a(libsoftdevice_controller_s132_debug_soft__obfuscated.elf)
                0x000000000000a388                sym_OTZAOT4DEZSL3R4MXRNUS2BIBKPPCOEO2SMZYAI
 .text          0x000000000000a398       0x1c /home/audifaz/ncs/nrfxlib/softdevice_controller/lib/cortex-m4/soft-float/libsoftdevice_controller_s132.a(libsoftdevice_controller_s132_debug_soft__obfuscated.elf)
                0x000000000000a398                sym_RUQGL7Y7CEVCWXKLY62UGVRWLQYUPKUGTSH7NVY
 .text          0x000000000000a3b4       0x3c /home/audifaz/ncs/nrfxlib/softdevice_controller/lib/cortex-m4/soft-float/libsoftdevice_controller_s132.a(libsoftdevice_controller_s132_debug_soft__obfuscated.elf)
 .text          0x000000000000a3f0      0x452 /home/audifaz/ncs/nrfxlib/softdevice_controller/lib/cortex-m4/soft-float/libsoftdevice_controller_s132.a(libsoftdevice_controller_s132_debug_soft__obfuscated.elf)
 *fill*         0x000000000000a842        0x2 
 .text          0x000000000000a844      0x1c4 /home/audifaz/ncs/nrfxlib/softdevice_controller/lib/cortex-m4/soft-float/libsoftdevice_controller_s132.a(libsoftdevice_controller_s132_debug_soft__obfuscated.elf)
 .text          0x000000000000aa08      0x7bc /home/audifaz/ncs/nrfxlib/softdevice_controller/lib/cortex-m4/soft-float/libsoftdevice_controller_s132.a(libsoftdevice_controller_s132_debug_soft__obfuscated.elf)
 .text          0x000000000000b1c4       0x38 /home/audifaz/ncs/nrfxlib/softdevice_controller/lib/cortex-m4/soft-float/libsoftdevice_controller_s132.a(libsoftdevice_controller_s132_debug_soft__obfuscated.elf)
 .text          0x000000000000b1fc       0xb4 /home/audifaz/ncs/nrfxlib/softdevice_controller/lib/cortex-m4/soft-float/libsoftdevice_controller_s132.a(libsoftdevice_controller_s132_debug_soft__obfuscated.elf)
 .text          0x000000000000b2b0       0x5c /home/audifaz/ncs/nrfxlib/softdevice_controller/lib/cortex-m4/soft-float/libsoftdevice_controller_s132.a(libsoftdevice_controller_s132_debug_soft__obfuscated.elf)
 .text          0x000000000000b30c       0x64 /home/audifaz/ncs/nrfxlib/softdevice_controller/lib/cortex-m4/soft-float/libsoftdevice_controller_s132.a(libsoftdevice_controller_s132_debug_soft__obfuscated.elf)
 .text          0x000000000000b370       0xbc /home/audifaz/ncs/nrfxlib/softdevice_controller/lib/cortex-m4/soft-float/libsoftdevice_controller_s132.a(libsoftdevice_controller_s132_debug_soft__obfuscated.elf)
 .text          0x000000000000b42c       0xac /home/audifaz/ncs/nrfxlib/softdevice_controller/lib/cortex-m4/soft-float/libsoftdevice_controller_s132.a(libsoftdevice_controller_s132_debug_soft__obfuscated.elf)
 .text          0x000000000000b4d8       0x6c /home/audifaz/ncs/nrfxlib/softdevice_controller/lib/cortex-m4/soft-float/libsoftdevice_controller_s132.a(libsoftdevice_controller_s132_debug_soft__obfuscated.elf)
 .text          0x000000000000b544       0x3c /home/audifaz/ncs/nrfxlib/softdevice_controller/lib/cortex-m4/soft-float/libsoftdevice_controller_s132.a(libsoftdevice_controller_s132_debug_soft__obfuscated.elf)
 .text          0x000000000000b580       0xd8 /home/audifaz/ncs/nrfxlib/softdevice_controller/lib/cortex-m4/soft-float/libsoftdevice_controller_s132.a(libsoftdevice_controller_s132_debug_soft__obfuscated.elf)
 .text          0x000000000000b658       0x90 /home/audifaz/ncs/nrfxlib/softdevice_controller/lib/cortex-m4/soft-float/libsoftdevice_controller_s132.a(libsoftdevice_controller_s132_debug_soft__obfuscated.elf)
 .text          0x000000000000b6e8       0x34 /home/audifaz/ncs/nrfxlib/softdevice_controller/lib/cortex-m4/soft-float/libsoftdevice_controller_s132.a(libsoftdevice_controller_s132_debug_soft__obfuscated.elf)
 .text          0x000000000000b71c       0x30 /home/audifaz/ncs/nrfxlib/softdevice_controller/lib/cortex-m4/soft-float/libsoftdevice_controller_s132.a(libsoftdevice_controller_s132_debug_soft__obfuscated.elf)
 .text          0x000000000000b74c       0x50 /home/audifaz/ncs/nrfxlib/softdevice_controller/lib/cortex-m4/soft-float/libsoftdevice_controller_s132.a(libsoftdevice_controller_s132_debug_soft__obfuscated.elf)
 .text          0x000000000000b79c       0x20 /home/audifaz/ncs/nrfxlib/softdevice_controller/lib/cortex-m4/soft-float/libsoftdevice_controller_s132.a(libsoftdevice_controller_s132_debug_soft__obfuscated.elf)
 .text          0x000000000000b7bc       0xe0 /home/audifaz/ncs/nrfxlib/softdevice_controller/lib/cortex-m4/soft-float/libsoftdevice_controller_s132.a(libsoftdevice_controller_s132_debug_soft__obfuscated.elf)
 .text          0x000000000000b89c      0x214 /home/audifaz/ncs/nrfxlib/softdevice_controller/lib/cortex-m4/soft-float/libsoftdevice_controller_s132.a(libsoftdevice_controller_s132_debug_soft__obfuscated.elf)
 .text          0x000000000000bab0       0x68 /home/audifaz/ncs/nrfxlib/softdevice_controller/lib/cortex-m4/soft-float/libsoftdevice_controller_s132.a(libsoftdevice_controller_s132_debug_soft__obfuscated.elf)
 .text          0x000000000000bb18       0x50 /home/audifaz/ncs/nrfxlib/softdevice_controller/lib/cortex-m4/soft-float/libsoftdevice_controller_s132.a(libsoftdevice_controller_s132_debug_soft__obfuscated.elf)
 .text          0x000000000000bb68       0x3c /home/audifaz/ncs/nrfxlib/softdevice_controller/lib/cortex-m4/soft-float/libsoftdevice_controller_s132.a(libsoftdevice_controller_s132_debug_soft__obfuscated.elf)
 .text          0x000000000000bba4       0x38 /home/audifaz/ncs/nrfxlib/softdevice_controller/lib/cortex-m4/soft-float/libsoftdevice_controller_s132.a(libsoftdevice_controller_s132_debug_soft__obfuscated.elf)
 .text          0x000000000000bbdc      0x138 /home/audifaz/ncs/nrfxlib/softdevice_controller/lib/cortex-m4/soft-float/libsoftdevice_controller_s132.a(libsoftdevice_controller_s132_debug_soft__obfuscated.elf)
 .text          0x000000000000bd14       0xd4 /home/audifaz/ncs/nrfxlib/softdevice_controller/lib/cortex-m4/soft-float/libsoftdevice_controller_s132.a(libsoftdevice_controller_s132_debug_soft__obfuscated.elf)
 .text          0x000000000000bde8       0x2c /home/audifaz/ncs/nrfxlib/softdevice_controller/lib/cortex-m4/soft-float/libsoftdevice_controller_s132.a(libsoftdevice_controller_s132_debug_soft__obfuscated.elf)
 .text          0x000000000000be14       0x44 /home/audifaz/ncs/nrfxlib/softdevice_controller/lib/cortex-m4/soft-float/libsoftdevice_controller_s132.a(libsoftdevice_controller_s132_debug_soft__obfuscated.elf)
 .text          0x000000000000be58       0x30 /home/audifaz/ncs/nrfxlib/softdevice_controller/lib/cortex-m4/soft-float/libsoftdevice_controller_s132.a(libsoftdevice_controller_s132_debug_soft__obfuscated.elf)
 .text          0x000000000000be88       0x44 /home/audifaz/ncs/nrfxlib/softdevice_controller/lib/cortex-m4/soft-float/libsoftdevice_controller_s132.a(libsoftdevice_controller_s132_debug_soft__obfuscated.elf)
 .text          0x000000000000becc       0x30 /home/audifaz/ncs/nrfxlib/softdevice_controller/lib/cortex-m4/soft-float/libsoftdevice_controller_s132.a(libsoftdevice_controller_s132_debug_soft__obfuscated.elf)
 .text          0x000000000000befc       0x34 /home/audifaz/ncs/nrfxlib/softdevice_controller/lib/cortex-m4/soft-float/libsoftdevice_controller_s132.a(libsoftdevice_controller_s132_debug_soft__obfuscated.elf)
 .text          0x000000000000bf30       0x2c /home/audifaz/ncs/nrfxlib/softdevice_controller/lib/cortex-m4/soft-float/libsoftdevice_controller_s132.a(libsoftdevice_controller_s132_debug_soft__obfuscated.elf)
 .text          0x000000000000bf5c       0x30 /home/audifaz/ncs/nrfxlib/softdevice_controller/lib/cortex-m4/soft-float/libsoftdevice_controller_s132.a(libsoftdevice_controller_s132_debug_soft__obfuscated.elf)
 .text          0x000000000000bf8c       0x28 /home/audifaz/ncs/nrfxlib/softdevice_controller/lib/cortex-m4/soft-float/libsoftdevice_controller_s132.a(libsoftdevice_controller_s132_debug_soft__obfuscated.elf)
 .text          0x000000000000bfb4       0x24 /home/audifaz/ncs/nrfxlib/softdevice_controller/lib/cortex-m4/soft-float/libsoftdevice_controller_s132.a(libsoftdevice_controller_s132_debug_soft__obfuscated.elf)
 .text          0x000000000000bfd8       0x24 /home/audifaz/ncs/nrfxlib/softdevice_controller/lib/cortex-m4/soft-float/libsoftdevice_controller_s132.a(libsoftdevice_controller_s132_debug_soft__obfuscated.elf)